Component: Arm Compiler for Embedded 6.18 Tool: armlink [5e4cc100]

==============================================================================

Section Cross References

    startup_stm32h735xx.o(RESET) refers to startup_stm32h735xx.o(STACK) for __initial_sp
    startup_stm32h735xx.o(RESET) refers to startup_stm32h735xx.o(.text) for Reset_Handler
    startup_stm32h735xx.o(RESET) refers to stm32h7xx_it.o(.text.NMI_Handler) for NMI_Handler
    startup_stm32h735xx.o(RESET) refers to stm32h7xx_it.o(.text.HardFault_Handler) for HardFault_Handler
    startup_stm32h735xx.o(RESET) refers to stm32h7xx_it.o(.text.MemManage_Handler) for MemManage_Handler
    startup_stm32h735xx.o(RESET) refers to stm32h7xx_it.o(.text.BusFault_Handler) for BusFault_Handler
    startup_stm32h735xx.o(RESET) refers to stm32h7xx_it.o(.text.UsageFault_Handler) for UsageFault_Handler
    startup_stm32h735xx.o(RESET) refers to stm32h7xx_it.o(.text.DebugMon_Handler) for DebugMon_Handler
    startup_stm32h735xx.o(RESET) refers to tx_thread_schedule.o(.text) for PendSV_Handler
    startup_stm32h735xx.o(RESET) refers to tx_initialize_low_level.o(.text) for SysTick_Handler
    startup_stm32h735xx.o(RESET) refers to stm32h7xx_it.o(.text.TIM6_DAC_IRQHandler) for TIM6_DAC_IRQHandler
    startup_stm32h735xx.o(RESET) refers to stm32h7xx_it.o(.text.OCTOSPI1_IRQHandler) for OCTOSPI1_IRQHandler
    startup_stm32h735xx.o(RESET) refers to stm32h7xx_it.o(.text.MDMA_IRQHandler) for MDMA_IRQHandler
    startup_stm32h735xx.o(.text) refers to system_stm32h7xx.o(.text.SystemInit) for SystemInit
    startup_stm32h735xx.o(.text) refers to entry.o(.ARM.Collect$$$$00000000) for __main
    main.o(.text.main) refers to stm32h7xx_hal_cortex.o(.text.HAL_MPU_Disable) for HAL_MPU_Disable
    main.o(.text.main) refers to stm32h7xx_hal_cortex.o(.text.HAL_MPU_ConfigRegion) for HAL_MPU_ConfigRegion
    main.o(.text.main) refers to stm32h7xx_hal_cortex.o(.text.HAL_MPU_Enable) for HAL_MPU_Enable
    main.o(.text.main) refers to stm32h7xx_hal.o(.text.HAL_Init) for HAL_Init
    main.o(.text.main) refers to main.o(.text.SystemClock_Config) for SystemClock_Config
    main.o(.text.main) refers to stm32h7xx_hal_gpio.o(.text.HAL_GPIO_WritePin) for HAL_GPIO_WritePin
    main.o(.text.main) refers to stm32h7xx_hal_gpio.o(.text.HAL_GPIO_Init) for HAL_GPIO_Init
    main.o(.text.main) refers to stm32h7xx_hal_cortex.o(.text.HAL_NVIC_SetPriority) for HAL_NVIC_SetPriority
    main.o(.text.main) refers to stm32h7xx_hal_cortex.o(.text.HAL_NVIC_EnableIRQ) for HAL_NVIC_EnableIRQ
    main.o(.text.main) refers to main.o(.bss.hospi1) for hospi1
    main.o(.text.main) refers to stm32h7xx_hal_ospi.o(.text.HAL_OSPI_Init) for HAL_OSPI_Init
    main.o(.text.main) refers to stm32h7xx_hal_gpio.o(.text.HAL_GPIO_TogglePin) for HAL_GPIO_TogglePin
    main.o(.text.main) refers to stm32h7xx_hal.o(.text.HAL_Delay) for HAL_Delay
    main.o(.text.main) refers to stm32h7xx_hal_ospi.o(.text.HAL_OSPIM_Config) for HAL_OSPIM_Config
    main.o(.text.main) refers to main.o(.bss.huart3) for huart3
    main.o(.text.main) refers to stm32h7xx_hal_uart.o(.text.HAL_UART_Init) for HAL_UART_Init
    main.o(.text.main) refers to stm32h7xx_hal_uart_ex.o(.text.HAL_UARTEx_SetTxFifoThreshold) for HAL_UARTEx_SetTxFifoThreshold
    main.o(.text.main) refers to stm32h7xx_hal_uart_ex.o(.text.HAL_UARTEx_SetRxFifoThreshold) for HAL_UARTEx_SetRxFifoThreshold
    main.o(.text.main) refers to stm32h7xx_hal_uart_ex.o(.text.HAL_UARTEx_DisableFifoMode) for HAL_UARTEx_DisableFifoMode
    main.o(.text.main) refers to app_threadx.o(.text.MX_ThreadX_Init) for MX_ThreadX_Init
    main.o(.ARM.exidx.text.main) refers to main.o(.text.main) for [Anonymous Symbol]
    main.o(.text.SystemClock_Config) refers to stm32h7xx_hal_pwr_ex.o(.text.HAL_PWREx_ConfigSupply) for HAL_PWREx_ConfigSupply
    main.o(.text.SystemClock_Config) refers to stm32h7xx_hal_rcc.o(.text.HAL_RCC_OscConfig) for HAL_RCC_OscConfig
    main.o(.text.SystemClock_Config) refers to stm32h7xx_hal_gpio.o(.text.HAL_GPIO_WritePin) for HAL_GPIO_WritePin
    main.o(.text.SystemClock_Config) refers to stm32h7xx_hal_gpio.o(.text.HAL_GPIO_TogglePin) for HAL_GPIO_TogglePin
    main.o(.text.SystemClock_Config) refers to stm32h7xx_hal.o(.text.HAL_Delay) for HAL_Delay
    main.o(.text.SystemClock_Config) refers to stm32h7xx_hal_rcc.o(.text.HAL_RCC_ClockConfig) for HAL_RCC_ClockConfig
    main.o(.ARM.exidx.text.SystemClock_Config) refers to main.o(.text.SystemClock_Config) for [Anonymous Symbol]
    main.o(.text.Error_Handler) refers to stm32h7xx_hal_gpio.o(.text.HAL_GPIO_WritePin) for HAL_GPIO_WritePin
    main.o(.text.Error_Handler) refers to stm32h7xx_hal_gpio.o(.text.HAL_GPIO_TogglePin) for HAL_GPIO_TogglePin
    main.o(.text.Error_Handler) refers to stm32h7xx_hal.o(.text.HAL_Delay) for HAL_Delay
    main.o(.ARM.exidx.text.Error_Handler) refers to main.o(.text.Error_Handler) for [Anonymous Symbol]
[...]
    WWDG_IRQHandler                          0x080002fb   Thumb Code     0  startup_stm32h735xx.o(.text)
    _tx_initialize_low_level                 0x08000331   Thumb Code     0  tx_initialize_low_level.o(.text)
    __tx_BadHandler                          0x08000381   Thumb Code     0  tx_initialize_low_level.o(.text)
    __tx_HardfaultHandler                    0x08000385   Thumb Code     0  tx_initialize_low_level.o(.text)
    __tx_SVCallHandler                       0x08000389   Thumb Code     0  tx_initialize_low_level.o(.text)
    __tx_IntHandler                          0x0800038d   Thumb Code     0  tx_initialize_low_level.o(.text)
    SysTick_Handler                          0x08000395   Thumb Code     0  tx_initialize_low_level.o(.text)
    __tx_SysTickHandler                      0x08000395   Thumb Code     0  tx_initialize_low_level.o(.text)
    __tx_NMIHandler                          0x080003a1   Thumb Code     0  tx_initialize_low_level.o(.text)
    __tx_DBGHandler                          0x080003a5   Thumb Code     0  tx_initialize_low_level.o(.text)
    _tx_thread_schedule                      0x080003b1   Thumb Code     0  tx_thread_schedule.o(.text)
    PendSV_Handler                           0x080003dd   Thumb Code     0  tx_thread_schedule.o(.text)
    __tx_PendSVHandler                       0x080003dd   Thumb Code     0  tx_thread_schedule.o(.text)
    tx_thread_fpu_disable                    0x0800045f   Thumb Code     0  tx_thread_schedule.o(.text)
    tx_thread_fpu_enable                     0x0800045f   Thumb Code     0  tx_thread_schedule.o(.text)
    _tx_thread_stack_build                   0x08000481   Thumb Code     0  tx_thread_stack_build.o(.text)
    _tx_timer_interrupt                      0x080004c1   Thumb Code     0  tx_timer_interrupt.o(.text)
    __aeabi_uldivmod                         0x08000589   Thumb Code    98  uldiv.o(.text)
    __aeabi_memcpy                           0x080005eb   Thumb Code    36  memcpya.o(.text)
    __aeabi_memcpy4                          0x080005eb   Thumb Code     0  memcpya.o(.text)
    __aeabi_memcpy8                          0x080005eb   Thumb Code     0  memcpya.o(.text)
    __aeabi_memset                           0x0800060f   Thumb Code    14  memseta.o(.text)
    __aeabi_memset4                          0x0800060f   Thumb Code     0  memseta.o(.text)
    __aeabi_memset8                          0x0800060f   Thumb Code     0  memseta.o(.text)
    __aeabi_memclr                           0x0800061d   Thumb Code     4  memseta.o(.text)
    __aeabi_memclr4                          0x0800061d   Thumb Code     0  memseta.o(.text)
    __aeabi_memclr8                          0x0800061d   Thumb Code     0  memseta.o(.text)
    _memset$wrapper                          0x08000621   Thumb Code    18  memseta.o(.text)
    __aeabi_llsl                             0x08000633   Thumb Code    30  llshl.o(.text)
    _ll_shift_l                              0x08000633   Thumb Code     0  llshl.o(.text)
    __aeabi_llsr                             0x08000651   Thumb Code    32  llushr.o(.text)
    _ll_ushift_r                             0x08000651   Thumb Code     0  llushr.o(.text)
    __scatterload                            0x08000671   Thumb Code    28  init.o(.text)
    __scatterload_rt2                        0x08000671   Thumb Code     0  init.o(.text)
    __decompress                             0x08000695   Thumb Code     0  __dczerorl.o(.text)
    __decompress0                            0x08000695   Thumb Code    58  __dczerorl.o(.text)
    App_ThreadX_Init                         0x080006d1   Thumb Code     4  app_threadx.o(.text.App_ThreadX_Init)
    BusFault_Handler                         0x080006d9   Thumb Code     2  stm32h7xx_it.o(.text.BusFault_Handler)
    DebugMon_Handler                         0x080006e1   Thumb Code     2  stm32h7xx_it.o(.text.DebugMon_Handler)
    Error_Handler                            0x080006e9   Thumb Code    36  main.o(.text.Error_Handler)
    HAL_Delay                                0x08000711   Thumb Code    40  stm32h7xx_hal.o(.text.HAL_Delay)
    HAL_GPIO_Init                            0x08000739   Thumb Code   486  stm32h7xx_hal_gpio.o(.text.HAL_GPIO_Init)
    HAL_GPIO_TogglePin                       0x08000921   Thumb Code    16  stm32h7xx_hal_gpio.o(.text.HAL_GPIO_TogglePin)
    HAL_GPIO_WritePin                        0x08000931   Thumb Code    10  stm32h7xx_hal_gpio.o(.text.HAL_GPIO_WritePin)
    HAL_GetTick                              0x08000941   Thumb Code    12  stm32h7xx_hal.o(.text.HAL_GetTick)
    HAL_IncTick                              0x08000951   Thumb Code    26  stm32h7xx_hal.o(.text.HAL_IncTick)
    HAL_Init                                 0x08000971   Thumb Code   100  stm32h7xx_hal.o(.text.HAL_Init)
    HAL_InitTick                             0x080009d9   Thumb Code   164  stm32h7xx_hal_timebase_tim.o(.text.HAL_InitTick)
    HAL_MDMA_Abort_IT                        0x08000a81   Thumb Code    44  stm32h7xx_hal_mdma.o(.text.HAL_MDMA_Abort_IT)
    HAL_MDMA_ConfigPostRequestMask           0x08000ab1   Thumb Code    96  stm32h7xx_hal_mdma.o(.text.HAL_MDMA_ConfigPostRequestMask)
    HAL_MDMA_IRQHandler                      0x08000b11   Thumb Code   486  stm32h7xx_hal_mdma.o(.text.HAL_MDMA_IRQHandler)
    HAL_MDMA_Init                            0x08000cf9   Thumb Code   252  stm32h7xx_hal_mdma.o(.text.HAL_MDMA_Init)
    HAL_MDMA_Start_IT                        0x08000df9   Thumb Code   300  stm32h7xx_hal_mdma.o(.text.HAL_MDMA_Start_IT)
    HAL_MPU_ConfigRegion                     0x08000f29   Thumb Code    96  stm32h7xx_hal_cortex.o(.text.HAL_MPU_ConfigRegion)
    HAL_MPU_Disable                          0x08000f89   Thumb Code    26  stm32h7xx_hal_cortex.o(.text.HAL_MPU_Disable)
    HAL_MPU_Enable                           0x08000fa9   Thumb Code    32  stm32h7xx_hal_cortex.o(.text.HAL_MPU_Enable)
    HAL_MspInit                              0x08000fc9   Thumb Code    32  stm32h7xx_hal_msp.o(.text.HAL_MspInit)
    HAL_NVIC_EnableIRQ                       0x08000fe9   Thumb Code    32  stm32h7xx_hal_cortex.o(.text.HAL_NVIC_EnableIRQ)
    HAL_NVIC_SetPriority                     0x08001009   Thumb Code    92  stm32h7xx_hal_cortex.o(.text.HAL_NVIC_SetPriority)
    HAL_NVIC_SetPriorityGrouping             0x08001069   Thumb Code    32  stm32h7xx_hal_cortex.o(.text.HAL_NVIC_SetPriorityGrouping)
    HAL_OSPIM_Config                         0x08001089   Thumb Code  1562  stm32h7xx_hal_ospi.o(.text.HAL_OSPIM_Config)
    HAL_OSPI_AbortCpltCallback               0x080016a9   Thumb Code     2  stm32h7xx_hal_ospi.o(.text.HAL_OSPI_AbortCpltCallback)
    HAL_OSPI_AutoPolling                     0x080016b1   Thumb Code   290  stm32h7xx_hal_ospi.o(.text.HAL_OSPI_AutoPolling)
    HAL_OSPI_CmdCpltCallback                 0x080017d9   Thumb Code     2  stm32h7xx_hal_ospi.o(.text.HAL_OSPI_CmdCpltCallback)
    HAL_OSPI_Command                         0x080017e1   Thumb Code   330  stm32h7xx_hal_ospi.o(.text.HAL_OSPI_Command)
    HAL_OSPI_ErrorCallback                   0x08001931   Thumb Code     2  stm32h7xx_hal_ospi.o(.text.HAL_OSPI_ErrorCallback)
    HAL_OSPI_FifoThresholdCallback           0x08001939   Thumb Code     2  stm32h7xx_hal_ospi.o(.text.HAL_OSPI_FifoThresholdCallback)
    HAL_OSPI_IRQHandler                      0x08001941   Thumb Code   408  stm32h7xx_hal_ospi.o(.text.HAL_OSPI_IRQHandler)
    HAL_OSPI_Init                            0x08001ad9   Thumb Code   296  stm32h7xx_hal_ospi.o(.text.HAL_OSPI_Init)
    HAL_OSPI_MspInit                         0x08001c01   Thumb Code   516  stm32h7xx_hal_msp.o(.text.HAL_OSPI_MspInit)
    HAL_OSPI_Receive                         0x08001e09   Thumb Code   412  stm32h7xx_hal_ospi.o(.text.HAL_OSPI_Receive)
    HAL_OSPI_Receive_DMA                     0x08001fa9   Thumb Code   304  stm32h7xx_hal_ospi.o(.text.HAL_OSPI_Receive_DMA)
    HAL_OSPI_RxCpltCallback                  0x080020d9   Thumb Code    12  lx_stm32_ospi_driver_glue.o(.text.HAL_OSPI_RxCpltCallback)
    HAL_OSPI_StatusMatchCallback             0x080020e9   Thumb Code     2  stm32h7xx_hal_ospi.o(.text.HAL_OSPI_StatusMatchCallback)
    HAL_OSPI_TimeOutCallback                 0x080020f1   Thumb Code     2  stm32h7xx_hal_ospi.o(.text.HAL_OSPI_TimeOutCallback)
    HAL_OSPI_Transmit                        0x080020f9   Thumb Code   352  stm32h7xx_hal_ospi.o(.text.HAL_OSPI_Transmit)
    HAL_OSPI_Transmit_DMA                    0x08002259   Thumb Code   228  stm32h7xx_hal_ospi.o(.text.HAL_OSPI_Transmit_DMA)
    HAL_OSPI_TxCpltCallback                  0x08002341   Thumb Code    12  lx_stm32_ospi_driver_glue.o(.text.HAL_OSPI_TxCpltCallback)
    HAL_PWREx_ConfigSupply                   0x08002351   Thumb Code   136  stm32h7xx_hal_pwr_ex.o(.text.HAL_PWREx_ConfigSupply)
    HAL_RCCEx_GetD3PCLK1Freq                 0x080023d9   Thumb Code    38  stm32h7xx_hal_rcc_ex.o(.text.HAL_RCCEx_GetD3PCLK1Freq)
    HAL_RCCEx_GetPLL2ClockFreq               0x08002401   Thumb Code   300  stm32h7xx_hal_rcc_ex.o(.text.HAL_RCCEx_GetPLL2ClockFreq)
    HAL_RCCEx_GetPLL3ClockFreq               0x08002531   Thumb Code   300  stm32h7xx_hal_rcc_ex.o(.text.HAL_RCCEx_GetPLL3ClockFreq)
    HAL_RCCEx_PeriphCLKConfig                0x08002661   Thumb Code  2728  stm32h7xx_hal_rcc_ex.o(.text.HAL_RCCEx_PeriphCLKConfig)
    HAL_RCC_ClockConfig                      0x08003109   Thumb Code   616  stm32h7xx_hal_rcc.o(.text.HAL_RCC_ClockConfig)
    HAL_RCC_GetClockConfig                   0x08003371   Thumb Code    88  stm32h7xx_hal_rcc.o(.text.HAL_RCC_GetClockConfig)
    HAL_RCC_GetHCLKFreq                      0x080033c9   Thumb Code    76  stm32h7xx_hal_rcc.o(.text.HAL_RCC_GetHCLKFreq)
    HAL_RCC_GetPCLK1Freq                     0x08003419   Thumb Code    96  stm32h7xx_hal_rcc.o(.text.HAL_RCC_GetPCLK1Freq)
    HAL_RCC_GetPCLK2Freq                     0x08003479   Thumb Code    96  stm32h7xx_hal_rcc.o(.text.HAL_RCC_GetPCLK2Freq)
    HAL_RCC_GetSysClockFreq                  0x080034d9   Thumb Code   276  stm32h7xx_hal_rcc.o(.text.HAL_RCC_GetSysClockFreq)
    HAL_RCC_OscConfig                        0x080035f1   Thumb Code  1304  stm32h7xx_hal_rcc.o(.text.HAL_RCC_OscConfig)
    HAL_TIMEx_Break2Callback                 0x08003b09   Thumb Code     2  stm32h7xx_hal_tim_ex.o(.text.HAL_TIMEx_Break2Callback)
    HAL_TIMEx_BreakCallback                  0x08003b11   Thumb Code     2  stm32h7xx_hal_tim_ex.o(.text.HAL_TIMEx_BreakCallback)
    HAL_TIMEx_CommutCallback                 0x08003b19   Thumb Code     2  stm32h7xx_hal_tim_ex.o(.text.HAL_TIMEx_CommutCallback)
    HAL_TIM_Base_Init                        0x08003b21   Thumb Code    96  stm32h7xx_hal_tim.o(.text.HAL_TIM_Base_Init)
    HAL_TIM_Base_MspInit                     0x08003b81   Thumb Code     2  stm32h7xx_hal_tim.o(.text.HAL_TIM_Base_MspInit)
    HAL_TIM_Base_Start_IT                    0x08003b89   Thumb Code   220  stm32h7xx_hal_tim.o(.text.HAL_TIM_Base_Start_IT)
    HAL_TIM_IC_CaptureCallback               0x08003c69   Thumb Code     2  stm32h7xx_hal_tim.o(.text.HAL_TIM_IC_CaptureCallback)
    HAL_TIM_IRQHandler                       0x08003c71   Thumb Code   396  stm32h7xx_hal_tim.o(.text.HAL_TIM_IRQHandler)
    HAL_TIM_OC_DelayElapsedCallback          0x08003e01   Thumb Code     2  stm32h7xx_hal_tim.o(.text.HAL_TIM_OC_DelayElapsedCallback)
    HAL_TIM_PWM_PulseFinishedCallback        0x08003e09   Thumb Code     2  stm32h7xx_hal_tim.o(.text.HAL_TIM_PWM_PulseFinishedCallback)
    HAL_TIM_PeriodElapsedCallback            0x08003e11   Thumb Code    20  main.o(.text.HAL_TIM_PeriodElapsedCallback)
    HAL_TIM_TriggerCallback                  0x08003e29   Thumb Code     2  stm32h7xx_hal_tim.o(.text.HAL_TIM_TriggerCallback)
    HAL_UARTEx_DisableFifoMode               0x08003e31   Thumb Code    54  stm32h7xx_hal_uart_ex.o(.text.HAL_UARTEx_DisableFifoMode)
    HAL_UARTEx_SetRxFifoThreshold            0x08003e69   Thumb Code   144  stm32h7xx_hal_uart_ex.o(.text.HAL_UARTEx_SetRxFifoThreshold)
    HAL_UARTEx_SetTxFifoThreshold            0x08003ef9   Thumb Code   144  stm32h7xx_hal_uart_ex.o(.text.HAL_UARTEx_SetTxFifoThreshold)
    HAL_UART_Init                            0x08003f89   Thumb Code   102  stm32h7xx_hal_uart.o(.text.HAL_UART_Init)
    HAL_UART_MspInit                         0x08003ff1   Thumb Code   134  stm32h7xx_hal_msp.o(.text.HAL_UART_MspInit)
    HAL_UART_Transmit                        0x08004079   Thumb Code   198  stm32h7xx_hal_uart.o(.text.HAL_UART_Transmit)
    HardFault_Handler                        0x08004141   Thumb Code     2  stm32h7xx_it.o(.text.HardFault_Handler)
    MDMA_IRQHandler                          0x08004149   Thumb Code    12  stm32h7xx_it.o(.text.MDMA_IRQHandler)
    MX_FileX_Init                            0x08004159   Thumb Code   100  app_filex.o(.text.MX_FileX_Init)
    MX_ThreadX_Init                          0x080041d1   Thumb Code     4  app_threadx.o(.text.MX_ThreadX_Init)
    MemManage_Handler                        0x080041d9   Thumb Code     2  stm32h7xx_it.o(.text.MemManage_Handler)
    NMI_Handler                              0x080041e1   Thumb Code     2  stm32h7xx_it.o(.text.NMI_Handler)
    OCTOSPI1_IRQHandler                      0x080041e9   Thumb Code    12  stm32h7xx_it.o(.text.OCTOSPI1_IRQHandler)
    SystemClock_Config                       0x08004729   Thumb Code   256  main.o(.text.SystemClock_Config)
    SystemInit                               0x08004829   Thumb Code   176  system_stm32h7xx.o(.text.SystemInit)
    TIM6_DAC_IRQHandler                      0x080048d9   Thumb Code    12  stm32h7xx_it.o(.text.TIM6_DAC_IRQHandler)
    TIM_Base_SetConfig                       0x080048e9   Thumb Code   372  stm32h7xx_hal_tim.o(.text.TIM_Base_SetConfig)
    UART_AdvFeatureConfig                    0x08004a61   Thumb Code   224  stm32h7xx_hal_uart.o(.text.UART_AdvFeatureConfig)
    UART_CheckIdleState                      0x08004b41   Thumb Code   374  stm32h7xx_hal_uart.o(.text.UART_CheckIdleState)
    UART_SetConfig                           0x08004cb9   Thumb Code  1228  stm32h7xx_hal_uart.o(.text.UART_SetConfig)
    UART_WaitOnFlagUntilTimeout              0x08005191   Thumb Code   746  stm32h7xx_hal_uart.o(.text.UART_WaitOnFlagUntilTimeout)
    UsageFault_Handler                       0x08005481   Thumb Code     2  stm32h7xx_it.o(.text.UsageFault_Handler)
    _fx_directory_entry_read                 0x08005489   Thumb Code  2238  fx_directory_entry_read.o(.text._fx_directory_entry_read)
    _fx_directory_entry_write                0x08005d49   Thumb Code  3316  fx_directory_entry_write.o(.text._fx_directory_entry_write)
    _fx_directory_name_extract               0x08006a41   Thumb Code   296  fx_directory_name_extract.o(.text._fx_directory_name_extract)
    _fx_directory_search                     0x08006b69   Thumb Code  1990  fx_directory_search.o(.text._fx_directory_search)
    _fx_file_close                           0x08007331   Thumb Code   222  fx_file_close.o(.text._fx_file_close)
    _fx_file_extended_seek                   0x08007411   Thumb Code   604  fx_file_extended_seek.o(.text._fx_file_extended_seek)
    _fx_file_open                            0x08007671   Thumb Code  1050  fx_file_open.o(.text._fx_file_open)
    _fx_file_read                            0x08007a91   Thumb Code   774  fx_file_read.o(.text._fx_file_read)
    _fx_file_seek                            0x08007d99   Thumb Code     8  fx_file_seek.o(.text._fx_file_seek)
    _fx_media_abort                          0x08007da1   Thumb Code   264  fx_media_abort.o(.text._fx_media_abort)
    _fx_media_boot_info_extract              0x08007ea9   Thumb Code   172  fx_media_boot_info_extract.o(.text._fx_media_boot_info_extract)
    _fx_media_close                          0x08007f59   Thumb Code   604  fx_media_close.o(.text._fx_media_close)
    _fx_media_extended_space_available       0x080081b9   Thumb Code    66  fx_media_extended_space_available.o(.text._fx_media_extended_space_available)
    _fx_media_open                           0x08008201   Thumb Code  1592  fx_media_open.o(.text._fx_media_open)
    _fx_media_space_available                0x08008851   Thumb Code    44  fx_media_space_available.o(.text._fx_media_space_available)
    _fx_system_initialize                    0x08008881   Thumb Code   112  fx_system_initialize.o(.text._fx_system_initialize)
    _fx_system_timer_entry                   0x08008909   Thumb Code   530  fx_system_timer_entry.o(.text._fx_system_timer_entry)
    _fx_utility_16_unsigned_read             0x08008b21   Thumb Code     4  fx_utility_16_unsigned_read.o(.text._fx_utility_16_unsigned_read)
    _fx_utility_16_unsigned_write            0x08008b29   Thumb Code     4  fx_utility_16_unsigned_write.o(.text._fx_utility_16_unsigned_write)
    _fx_utility_32_unsigned_read             0x08008b31   Thumb Code     4  fx_utility_32_unsigned_read.o(.text._fx_utility_32_unsigned_read)
    _fx_utility_32_unsigned_write            0x08008b39   Thumb Code     4  fx_utility_32_unsigned_write.o(.text._fx_utility_32_unsigned_write)
    _fx_utility_FAT_entry_read               0x08008b41   Thumb Code   748  fx_utility_fat_entry_read.o(.text._fx_utility_FAT_entry_read)
    _fx_utility_FAT_flush                    0x08008e31   Thumb Code   804  fx_utility_fat_flush.o(.text._fx_utility_FAT_flush)
    _fx_utility_FAT_map_flush                0x08009159   Thumb Code   178  fx_utility_fat_map_flush.o(.text._fx_utility_FAT_map_flush)
    _fx_utility_logical_sector_cache_entry_read 0x08009211   Thumb Code   844  fx_utility_logical_sector_cache_entry_read.o(.text._fx_utility_logical_sector_cache_entry_read)
    _fx_utility_logical_sector_flush         0x08009561   Thumb Code  1786  fx_utility_logical_sector_flush.o(.text._fx_utility_logical_sector_flush)
    _fx_utility_logical_sector_read          0x08009c61   Thumb Code   782  fx_utility_logical_sector_read.o(.text._fx_utility_logical_sector_read)
    _fx_utility_logical_sector_write         0x08009f71   Thumb Code   516  fx_utility_logical_sector_write.o(.text._fx_utility_logical_sector_write)
    _fx_utility_memory_copy                  0x0800a179   Thumb Code    10  fx_utility_memory_copy.o(.text._fx_utility_memory_copy)
    _fxe_file_close                          0x0800a189   Thumb Code    64  fxe_file_close.o(.text._fxe_file_close)
    _fxe_file_open                           0x0800a1c9   Thumb Code   236  fxe_file_open.o(.text._fxe_file_open)
    _fxe_file_read                           0x0800a2b9   Thumb Code    92  fxe_file_read.o(.text._fxe_file_read)
    _fxe_file_seek                           0x0800a319   Thumb Code    64  fxe_file_seek.o(.text._fxe_file_seek)
    _fxe_media_close                         0x0800a359   Thumb Code    64  fxe_media_close.o(.text._fxe_media_close)
    _fxe_media_open                          0x0800a399   Thumb Code   294  fxe_media_open.o(.text._fxe_media_open)
    _fxe_media_space_available               0x0800a4c1   Thumb Code    72  fxe_media_space_available.o(.text._fxe_media_space_available)
    _lx_nor_flash_block_reclaim              0x0800a509   Thumb Code   768  lx_nor_flash_block_reclaim.o(.text._lx_nor_flash_block_reclaim)
    _lx_nor_flash_close                      0x0800a809   Thumb Code   118  lx_nor_flash_close.o(.text._lx_nor_flash_close)
    _lx_nor_flash_driver_block_erase         0x0800a881   Thumb Code   322  lx_nor_flash_driver_block_erase.o(.text._lx_nor_flash_driver_block_erase)
    _lx_nor_flash_driver_read                0x0800a9c9   Thumb Code   224  lx_nor_flash_driver_read.o(.text._lx_nor_flash_driver_read)
    _lx_nor_flash_driver_write               0x0800aaa9   Thumb Code   166  lx_nor_flash_driver_write.o(.text._lx_nor_flash_driver_write)
    _lx_nor_flash_logical_sector_find        0x0800ab51   Thumb Code   864  lx_nor_flash_logical_sector_find.o(.text._lx_nor_flash_logical_sector_find)
    _lx_nor_flash_next_block_to_erase_find   0x0800aeb1   Thumb Code   492  lx_nor_flash_next_block_to_erase_find.o(.text._lx_nor_flash_next_block_to_erase_find)
    _lx_nor_flash_open                       0x0800b0a1   Thumb Code  1282  lx_nor_flash_open.o(.text._lx_nor_flash_open)
    _lx_nor_flash_physical_sector_allocate   0x0800b5a9   Thumb Code   554  lx_nor_flash_physical_sector_allocate.o(.text._lx_nor_flash_physical_sector_allocate)
    _lx_nor_flash_sector_mapping_cache_invalidate 0x0800b7d9   Thumb Code   126  lx_nor_flash_sector_mapping_cache_invalidate.o(.text._lx_nor_flash_sector_mapping_cache_invalidate)
    _lx_nor_flash_sector_read                0x0800b859   Thumb Code   156  lx_nor_flash_sector_read.o(.text._lx_nor_flash_sector_read)
    _lx_nor_flash_sector_release             0x0800b8f9   Thumb Code   144  lx_nor_flash_sector_release.o(.text._lx_nor_flash_sector_release)
    _lx_nor_flash_sector_write               0x0800b989   Thumb Code   364  lx_nor_flash_sector_write.o(.text._lx_nor_flash_sector_write)
    _lx_nor_flash_system_error               0x0800baf9   Thumb Code    24  lx_nor_flash_system_error.o(.text._lx_nor_flash_system_error)
    _tx_byte_allocate                        0x0800bb11   Thumb Code   218  tx_byte_allocate.o(.text._tx_byte_allocate)
    _tx_byte_pool_cleanup                    0x0800bbf1   Thumb Code   146  tx_byte_pool_cleanup.o(.text._tx_byte_pool_cleanup)
    _tx_byte_pool_create                     0x0800bc89   Thumb Code   140  tx_byte_pool_create.o(.text._tx_byte_pool_create)
    _tx_byte_pool_search                     0x0800bd19   Thumb Code   236  tx_byte_pool_search.o(.text._tx_byte_pool_search)
    _tx_initialize_high_level                0x0800be09   Thumb Code    46  tx_initialize_high_level.o(.text._tx_initialize_high_level)
    _tx_initialize_kernel_enter              0x0800be39   Thumb Code    78  tx_initialize_kernel_enter.o(.text._tx_initialize_kernel_enter)
    _tx_mutex_cleanup                        0x0800be89   Thumb Code   146  tx_mutex_cleanup.o(.text._tx_mutex_cleanup)
    _tx_mutex_create                         0x0800bf21   Thumb Code   106  tx_mutex_create.o(.text._tx_mutex_create)
    _tx_mutex_delete                         0x0800bf91   Thumb Code   192  tx_mutex_delete.o(.text._tx_mutex_delete)
    _tx_mutex_get                            0x0800c051   Thumb Code   284  tx_mutex_get.o(.text._tx_mutex_get)
    _tx_mutex_prioritize                     0x0800c171   Thumb Code   192  tx_mutex_prioritize.o(.text._tx_mutex_prioritize)
    _tx_mutex_priority_change                0x0800c231   Thumb Code   194  tx_mutex_priority_change.o(.text._tx_mutex_priority_change)
    _tx_mutex_put                            0x0800c2f9   Thumb Code   562  tx_mutex_put.o(.text._tx_mutex_put)
    _tx_mutex_thread_release                 0x0800c531   Thumb Code    70  tx_mutex_cleanup.o(.text._tx_mutex_thread_release)
    _tx_semaphore_cleanup                    0x0800c579   Thumb Code   146  tx_semaphore_cleanup.o(.text._tx_semaphore_cleanup)
    _tx_semaphore_create                     0x0800c611   Thumb Code    92  tx_semaphore_create.o(.text._tx_semaphore_create)
    _tx_semaphore_get                        0x0800c671   Thumb Code   168  tx_semaphore_get.o(.text._tx_semaphore_get)
    _tx_semaphore_put                        0x0800c719   Thumb Code    94  tx_semaphore_put.o(.text._tx_semaphore_put)
    _tx_thread_create                        0x0800c779   Thumb Code   316  tx_thread_create.o(.text._tx_thread_create)
    _tx_thread_identify                      0x0800c8b9   Thumb Code    22  tx_thread_identify.o(.text._tx_thread_identify)
    _tx_thread_initialize                    0x0800c8d1   Thumb Code    54  tx_thread_initialize.o(.text._tx_thread_initialize)
    _tx_thread_preemption_change             0x0800c909   Thumb Code   142  tx_thread_preemption_change.o(.text._tx_thread_preemption_change)
    _tx_thread_shell_entry                   0x0800c999   Thumb Code    90  tx_thread_shell_entry.o(.text._tx_thread_shell_entry)
    _tx_thread_sleep                         0x0800c9f9   Thumb Code   146  tx_thread_sleep.o(.text._tx_thread_sleep)
    _tx_thread_system_preempt_check          0x0800ca91   Thumb Code    76  tx_thread_system_preempt_check.o(.text._tx_thread_system_preempt_check)
    _tx_thread_system_resume                 0x0800cae1   Thumb Code   304  tx_thread_system_resume.o(.text._tx_thread_system_resume)
    _tx_thread_system_suspend                0x0800cc11   Thumb Code   394  tx_thread_system_suspend.o(.text._tx_thread_system_suspend)
    _tx_thread_time_slice                    0x0800cda1   Thumb Code   112  tx_thread_time_slice.o(.text._tx_thread_time_slice)
    _tx_thread_timeout                       0x0800ce11   Thumb Code    54  tx_thread_timeout.o(.text._tx_thread_timeout)
    _tx_time_get                             0x0800ce49   Thumb Code    22  tx_time_get.o(.text._tx_time_get)
    _tx_timer_create                         0x0800ce61   Thumb Code   124  tx_timer_create.o(.text._tx_timer_create)
    _tx_timer_expiration_process             0x0800cee1   Thumb Code    36  tx_timer_expiration_process.o(.text._tx_timer_expiration_process)
    _tx_timer_initialize                     0x0800cf09   Thumb Code   190  tx_timer_initialize.o(.text._tx_timer_initialize)
    _tx_timer_system_activate                0x0800cfc9   Thumb Code    90  tx_timer_system_activate.o(.text._tx_timer_system_activate)
    _tx_timer_system_deactivate              0x0800d029   Thumb Code    58  tx_timer_system_deactivate.o(.text._tx_timer_system_deactivate)
    _tx_timer_thread_entry                   0x0800d069   Thumb Code   322  tx_timer_thread_entry.o(.text._tx_timer_thread_entry)
    _txe_byte_allocate                       0x0800d1b1   Thumb Code   176  txe_byte_allocate.o(.text._txe_byte_allocate)
    _txe_byte_pool_create                    0x0800d261   Thumb Code   356  txe_byte_pool_create.o(.text._txe_byte_pool_create)
    _txe_semaphore_create                    0x0800d3c9   Thumb Code   298  txe_semaphore_create.o(.text._txe_semaphore_create)
    _txe_semaphore_get                       0x0800d4f9   Thumb Code    76  txe_semaphore_get.o(.text._txe_semaphore_get)
    _txe_semaphore_put                       0x0800d549   Thumb Code    24  txe_semaphore_put.o(.text._txe_semaphore_put)
    _txe_thread_create                       0x0800d561   Thumb Code   388  txe_thread_create.o(.text._txe_thread_create)
    fputc                                    0x0800d6e9   Thumb Code    32  main.o(.text.fputc)
    fx_app_thread_entry                      0x0800d709   Thumb Code   380  app_filex.o(.text.fx_app_thread_entry)
    fx_stm32_levelx_nor_driver               0x0800d911   Thumb Code   486  fx_stm32_levelx_nor_driver.o(.text.fx_stm32_levelx_nor_driver)
    lx_ospi_driver_system_error              0x0800dbe1   Thumb Code     4  lx_stm32_ospi_driver_glue.o(.text.lx_ospi_driver_system_error)
    lx_stm32_ospi_erase                      0x0800dc41   Thumb Code   190  lx_stm32_ospi_driver_glue.o(.text.lx_stm32_ospi_erase)
    lx_stm32_ospi_get_info                   0x0800dd01   Thumb Code    16  lx_stm32_ospi_driver_glue.o(.text.lx_stm32_ospi_get_info)
    lx_stm32_ospi_get_status                 0x0800dd11   Thumb Code   140  lx_stm32_ospi_driver_glue.o(.text.lx_stm32_ospi_get_status)
    lx_stm32_ospi_initialize                 0x0800dda1   Thumb Code   220  lx_stm32_ospi_driver.o(.text.lx_stm32_ospi_initialize)
    lx_stm32_ospi_is_block_erased            0x0800deb9   Thumb Code     4  lx_stm32_ospi_driver_glue.o(.text.lx_stm32_ospi_is_block_erased)
    lx_stm32_ospi_lowlevel_init              0x0800dec1   Thumb Code   690  lx_stm32_ospi_driver_glue.o(.text.lx_stm32_ospi_lowlevel_init)
    lx_stm32_ospi_read                       0x0800e179   Thumb Code   132  lx_stm32_ospi_driver_glue.o(.text.lx_stm32_ospi_read)
    lx_stm32_ospi_write                      0x0800e201   Thumb Code   280  lx_stm32_ospi_driver_glue.o(.text.lx_stm32_ospi_write)
    main                                     0x0800e319   Thumb Code   902  main.o(.text.main)
    tx_application_define                    0x0800e749   Thumb Code   100  app_azure_rtos.o(.text.tx_application_define)
    __0printf$4                              0x0800e7d5   Thumb Code    22  printf4.o(i.__0printf$4)
    __1printf$4                              0x0800e7d5   Thumb Code     0  printf4.o(i.__0printf$4)
    __2printf                                0x0800e7d5   Thumb Code     0  printf4.o(i.__0printf$4)
    __scatterload_copy                       0x0800e7f5   Thumb Code    14  handlers.o(i.__scatterload_copy)
    __scatterload_null                       0x0800e803   Thumb Code     2  handlers.o(i.__scatterload_null)
    __scatterload_zeroinit                   0x0800e805   Thumb Code    14  handlers.o(i.__scatterload_zeroinit)
    puts                                     0x0800ea41   Thumb Code    30  puts.o(i.puts)
    D1CorePrescTable                         0x0800ea70   Data          16  system_stm32h7xx.o(.rodata.D1CorePrescTable)
    UARTPrescTable                           0x0800ea80   Data          24  stm32h7xx_hal_uart.o(.rodata.UARTPrescTable)
    Region$$Table$$Base                      0x0800ebac   Number         0  anon$$obj.o(Region$$Table)
    Region$$Table$$Limit                     0x0800ebcc   Number         0  anon$$obj.o(Region$$Table)
    __stdout                                 0x20000000   Data           4  stdout.o(.data)
    uwTickFreq                               0x20000004   Data           1  stm32h7xx_hal.o(.data..L_MergedGlobals)
    uwTickPrio                               0x20000008   Data           4  stm32h7xx_hal.o(.data..L_MergedGlobals)
    SystemCoreClock                          0x2000000c   Data           4  system_stm32h7xx.o(.data..L_MergedGlobals)
    SystemD2Clock                            0x20000010   Data           4  system_stm32h7xx.o(.data..L_MergedGlobals)
    _fx_version_id                           0x20000014   Data          92  fx_system_initialize.o(.data._fx_version_id)
    _tx_thread_system_state                  0x20000070   Data           4  tx_thread_initialize.o(.data._tx_thread_system_state)
    _fx_system_media_opened_ptr              0x20001148   Data           4  fx_system_initialize.o(.bss..L_MergedGlobals)
    _fx_system_media_opened_count            0x2000114c   Data           4  fx_system_initialize.o(.bss..L_MergedGlobals)
    _fx_system_date                          0x20001150   Data           4  fx_system_initialize.o(.bss..L_MergedGlobals)
    _fx_system_time                          0x20001154   Data           4  fx_system_initialize.o(.bss..L_MergedGlobals)
    _fx_system_media_max_sector_cache        0x20001158   Data           4  fx_system_initialize.o(.bss..L_MergedGlobals)
    _fx_system_media_max_fat_cache           0x2000115c   Data           4  fx_system_initialize.o(.bss..L_MergedGlobals)
    _fx_system_build_options_1               0x20001160   Data           4  fx_system_initialize.o(.bss..L_MergedGlobals)
    _fx_system_build_options_2               0x20001164   Data           4  fx_system_initialize.o(.bss..L_MergedGlobals)
    _fx_system_build_options_3               0x20001168   Data           4  fx_system_initialize.o(.bss..L_MergedGlobals)
    _fx_system_timer                         0x2000116c   Data          44  fx_system_initialize.o(.bss..L_MergedGlobals)
    _lx_nor_flash_opened_ptr                 0x20001198   Data           4  lx_nor_flash_initialize.o(.bss..L_MergedGlobals)
    _lx_nor_flash_opened_count               0x2000119c   Data           4  lx_nor_flash_initialize.o(.bss..L_MergedGlobals)
    _tx_semaphore_created_ptr                0x200011a0   Data           4  tx_initialize_high_level.o(.bss..L_MergedGlobals)
    _tx_semaphore_created_count              0x200011a4   Data           4  tx_initialize_high_level.o(.bss..L_MergedGlobals)
    _tx_queue_created_ptr                    0x200011a8   Data           4  tx_initialize_high_level.o(.bss..L_MergedGlobals)
    _tx_queue_created_count                  0x200011ac   Data           4  tx_initialize_high_level.o(.bss..L_MergedGlobals)
    _tx_event_flags_created_ptr              0x200011b0   Data           4  tx_initialize_high_level.o(.bss..L_MergedGlobals)
    _tx_event_flags_created_count            0x200011b4   Data           4  tx_initialize_high_level.o(.bss..L_MergedGlobals)
    _tx_block_pool_created_ptr               0x200011b8   Data           4  tx_initialize_high_level.o(.bss..L_MergedGlobals)
    _tx_block_pool_created_count             0x200011bc   Data           4  tx_initialize_high_level.o(.bss..L_MergedGlobals)
    _tx_byte_pool_created_ptr                0x200011c0   Data           4  tx_initialize_high_level.o(.bss..L_MergedGlobals)
    _tx_byte_pool_created_count              0x200011c4   Data           4  tx_initialize_high_level.o(.bss..L_MergedGlobals)
    _tx_mutex_created_ptr                    0x200011c8   Data           4  tx_initialize_high_level.o(.bss..L_MergedGlobals)
    _tx_mutex_created_count                  0x200011cc   Data           4  tx_initialize_high_level.o(.bss..L_MergedGlobals)
    _tx_thread_current_ptr                   0x200011d0   Data           4  tx_thread_initialize.o(.bss..L_MergedGlobals)
    _tx_thread_execute_ptr                   0x200011d4   Data           4  tx_thread_initialize.o(.bss..L_MergedGlobals)
    _tx_thread_priority_maps                 0x200011d8   Data           4  tx_thread_initialize.o(.bss..L_MergedGlobals)
    _tx_thread_highest_priority              0x200011dc   Data           4  tx_thread_initialize.o(.bss..L_MergedGlobals)
    _tx_thread_created_ptr                   0x200011e0   Data           4  tx_thread_initialize.o(.bss..L_MergedGlobals)
    _tx_thread_created_count                 0x200011e4   Data           4  tx_thread_initialize.o(.bss..L_MergedGlobals)
    _tx_thread_preempt_disable               0x200011e8   Data           4  tx_thread_initialize.o(.bss..L_MergedGlobals)
    _tx_thread_mutex_release                 0x200011ec   Data           4  tx_thread_initialize.o(.bss..L_MergedGlobals)
    _tx_build_options                        0x200011f0   Data           4  tx_thread_initialize.o(.bss..L_MergedGlobals)
    _tx_timer_system_clock                   0x200011f4   Data           4  tx_timer_initialize.o(.bss..L_MergedGlobals)
    _tx_timer_time_slice                     0x200011f8   Data           4  tx_timer_initialize.o(.bss..L_MergedGlobals)
    _tx_timer_expired_time_slice             0x200011fc   Data           4  tx_timer_initialize.o(.bss..L_MergedGlobals)
    _tx_timer_expired                        0x20001200   Data           4  tx_timer_initialize.o(.bss..L_MergedGlobals)
    _tx_timer_expired_timer_ptr              0x20001204   Data           4  tx_timer_initialize.o(.bss..L_MergedGlobals)
    _tx_timer_list_start                     0x20001208   Data           4  tx_timer_initialize.o(.bss..L_MergedGlobals)
    _tx_timer_current_ptr                    0x2000120c   Data           4  tx_timer_initialize.o(.bss..L_MergedGlobals)
    _tx_timer_list_end                       0x20001210   Data           4  tx_timer_initialize.o(.bss..L_MergedGlobals)
    _tx_timer_stack_start                    0x20001214   Data           4  tx_timer_initialize.o(.bss..L_MergedGlobals)
    _tx_timer_stack_size                     0x20001218   Data           4  tx_timer_initialize.o(.bss..L_MergedGlobals)
    _tx_timer_priority                       0x2000121c   Data           4  tx_timer_initialize.o(.bss..L_MergedGlobals)
    _tx_timer_created_ptr                    0x20001220   Data           4  tx_timer_initialize.o(.bss..L_MergedGlobals)
    _tx_timer_created_count                  0x20001224   Data           4  tx_timer_initialize.o(.bss..L_MergedGlobals)
    _tx_initialize_unused_memory             0x20001228   Data           4  tx_initialize_high_level.o(.bss._tx_initialize_unused_memory)
    _tx_thread_priority_list                 0x2000122c   Data         128  tx_thread_initialize.o(.bss._tx_thread_priority_list)
    _tx_thread_system_stack_ptr              0x200012ac   Data           4  tx_thread_initialize.o(.bss._tx_thread_system_stack_ptr)
    _tx_timer_list                           0x200012b0   Data         128  tx_timer_initialize.o(.bss._tx_timer_list)
    _tx_timer_thread                         0x20001330   Data         176  tx_timer_initialize.o(.bss._tx_timer_thread)
    _tx_timer_thread_stack_area              0x200013e0   Data        1024  tx_timer_initialize.o(.bss._tx_timer_thread_stack_area)
    fx_app_thread                            0x200017e4   Data         176  app_filex.o(.bss.fx_app_thread)
    fx_file                                  0x20002898   Data         480  app_filex.o(.bss.fx_file)
    fx_nor_ospi_media_memory                 0x20002a80   Data         512  app_filex.o(.bss.fx_nor_ospi_media_memory)
    hmdma_octospi1_fifo_th                   0x20002c80   Data         108  main.o(.bss.hmdma_octospi1_fifo_th)
    hospi1                                   0x20002cec   Data          92  main.o(.bss.hospi1)
    htim6                                    0x20002d48   Data          76  stm32h7xx_hal_timebase_tim.o(.bss.htim6)
    huart3                                   0x20002d94   Data         148  main.o(.bss.huart3)
    nor_ospi_flash_disk                      0x20002e30   Data        9400  app_filex.o(.bss.nor_ospi_flash_disk)
    ospi_rx_semaphore                        0x200052e8   Data          28  lx_stm32_ospi_driver_glue.o(.bss.ospi_rx_semaphore)
    ospi_sector_buffer                       0x20005304   Data       65536  lx_stm32_ospi_driver_glue.o(.bss.ospi_sector_buffer)
    ospi_tx_semaphore                        0x20015304   Data          28  lx_stm32_ospi_driver_glue.o(.bss.ospi_tx_semaphore)
    read_buffer                              0x20015320   Data          80  app_filex.o(.bss.read_buffer)
    uwTick                                   0x20015770   Data           4  stm32h7xx_hal.o(.bss.uwTick)
    __initial_sp                             0x20015b78   Data           0  startup_stm32h735xx.o(STACK)



==============================================================================

Memory Map of the image

  Image Entry point : 0x080002cd

  Load Region LR_IROM1 (Base: 0x08000000, Size: 0x0000fcc0, Max: 0x00100000, ABSOLUTE, COMPRESSED[0x0000eca0])

    Execution Region ER_IROM1 (Exec base: 0x08000000, Load base: 0x08000000, Size: 0x0000ebcc, Max: 0x00100000, ABSOLUTE)

    Exec Addr    Load Addr    Size         Type   Attr      Idx    E Section Name        Object

    0x08000000   0x08000000   0x000002cc   Data   RO            3    RESET               startup_stm32h735xx.o
    0x080002cc   0x080002cc   0x00000000   Code   RO         2552  * .ARM.Collect$$$$00000000  mc_w.l(entry.o)
    0x080002cc   0x080002cc   0x00000004   Code   RO         2692    .ARM.Collect$$$$00000001  mc_w.l(entry2.o)
    0x080002d0   0x080002d0   0x00000004   Code   RO         2695    .ARM.Collect$$$$00000004  mc_w.l(entry5.o)
    0x080002d4   0x080002d4   0x00000000   Code   RO         2697    .ARM.Collect$$$$00000008  mc_w.l(entry7b.o)
    0x080002d4   0x080002d4   0x00000000   Code   RO         2699    .ARM.Collect$$$$0000000A  mc_w.l(entry8b.o)
    0x080002d4   0x080002d4   0x00000008   Code   RO         2700    .ARM.Collect$$$$0000000B  mc_w.l(entry9a.o)
    0x080002dc   0x080002dc   0x00000000   Code   RO         2702    .ARM.Collect$$$$0000000D  mc_w.l(entry10a.o)
    0x080002dc   0x080002dc   0x00000000   Code   RO         2704    .ARM.Collect$$$$0000000F  mc_w.l(entry11a.o)
    0x080002dc   0x080002dc   0x00000004   Code   RO         2693    .ARM.Collect$$$$00002712  mc_w.l(entry2.o)
    0x080002e0   0x080002e0   0x00000024   Code   RO            4    .text               startup_stm32h735xx.o
    0x08000304   0x08000304   0x0000000c   PAD
    0x08000310   0x08000310   0x00000098   Code   RO           20    .text               tx_initialize_low_level.o
    0x080003a8   0x080003a8   0x00000008   PAD
    0x080003b0   0x080003b0   0x000000c4   Code   RO         2079    .text               tx_thread_schedule.o
    0x08000474   0x08000474   0x0000000c   PAD
    0x08000480   0x08000480   0x00000040   Code   RO         2080    .text               tx_thread_stack_build.o
    0x080004c0   0x080004c0   0x000000c8   Code   RO         2082    .text               tx_timer_interrupt.o
    0x08000588   0x08000588   0x00000062   Code   RO         2557    .text               mc_w.l(uldiv.o)
    0x080005ea   0x080005ea   0x00000024   Code   RO         2558    .text               mc_w.l(memcpya.o)
    0x0800060e   0x0800060e   0x00000024   Code   RO         2559    .text               mc_w.l(memseta.o)
    0x08000632   0x08000632   0x0000001e   Code   RO         2713    .text               mc_w.l(llshl.o)
    0x08000650   0x08000650   0x00000020   Code   RO         2714    .text               mc_w.l(llushr.o)
    0x08000670   0x08000670   0x00000024   Code   RO         2721    .text               mc_w.l(init.o)
    0x08000694   0x08000694   0x0000003a   Code   RO         2729    .text               mc_w.l(__dczerorl.o)
    0x080006ce   0x080006ce   0x00000002   PAD
    0x080006d0   0x080006d0   0x00000004   Code   RO           22    .text.App_ThreadX_Init  app_threadx.o
    0x080006d4   0x080006d4   0x00000004   PAD
    0x080006d8   0x080006d8   0x00000002   Code   RO           33    .text.BusFault_Handler  stm32h7xx_it.o
    0x080006da   0x080006da   0x00000006   PAD
    0x080006e0   0x080006e0   0x00000002   Code   RO           37    .text.DebugMon_Handler  stm32h7xx_it.o
    0x080006e2   0x080006e2   0x00000006   PAD
    0x080006e8   0x080006e8   0x00000024   Code   RO           10    .text.Error_Handler  main.o
    0x0800070c   0x0800070c   0x00000004   PAD
    0x08000710   0x08000710   0x00000028   Code   RO          626    .text.HAL_Delay     stm32h7xx_hal.o
    0x08000738   0x08000738   0x000001e6   Code   RO          367    .text.HAL_GPIO_Init  stm32h7xx_hal_gpio.o
    0x0800091e   0x0800091e   0x00000002   PAD
    0x08000920   0x08000920   0x00000010   Code   RO          375    .text.HAL_GPIO_TogglePin  stm32h7xx_hal_gpio.o
    0x08000930   0x08000930   0x0000000a   Code   RO          373    .text.HAL_GPIO_WritePin  stm32h7xx_hal_gpio.o
    0x0800093a   0x0800093a   0x00000006   PAD
    0x08000940   0x08000940   0x0000000c   Code   RO          618    .text.HAL_GetTick   stm32h7xx_hal.o
    0x0800094c   0x0800094c   0x00000004   PAD
    0x08000950   0x08000950   0x0000001a   Code   RO          616    .text.HAL_IncTick   stm32h7xx_hal.o
    0x0800096a   0x0800096a   0x00000006   PAD
    0x08000970   0x08000970   0x00000064   Code   RO          606    .text.HAL_Init      stm32h7xx_hal.o
    0x080009d4   0x080009d4   0x00000004   PAD
    0x080009d8   0x080009d8   0x000000a4   Code   RO           57    .text.HAL_InitTick  stm32h7xx_hal_timebase_tim.o
    0x08000a7c   0x08000a7c   0x00000004   PAD
    0x08000a80   0x08000a80   0x0000002c   Code   RO          481    .text.HAL_MDMA_Abort_IT  stm32h7xx_hal_mdma.o
    0x08000aac   0x08000aac   0x00000004   PAD
    0x08000ab0   0x08000ab0   0x00000060   Code   RO          459    .text.HAL_MDMA_ConfigPostRequestMask  stm32h7xx_hal_mdma.o
    0x08000b10   0x08000b10   0x000001e6   Code   RO          487    .text.HAL_MDMA_IRQHandler  stm32h7xx_hal_mdma.o
    0x08000cf6   0x08000cf6   0x00000002   PAD
    0x08000cf8   0x08000cf8   0x000000fc   Code   RO          455    .text.HAL_MDMA_Init  stm32h7xx_hal_mdma.o
    0x08000df4   0x08000df4   0x00000004   PAD
    0x08000df8   0x08000df8   0x0000012c   Code   RO          477    .text.HAL_MDMA_Start_IT  stm32h7xx_hal_mdma.o
    0x08000f24   0x08000f24   0x00000004   PAD
    0x08000f28   0x08000f28   0x00000060   Code   RO          130    .text.HAL_MPU_ConfigRegion  stm32h7xx_hal_cortex.o
    0x08000f88   0x08000f88   0x0000001a   Code   RO          126    .text.HAL_MPU_Disable  stm32h7xx_hal_cortex.o
    0x08000fa2   0x08000fa2   0x00000006   PAD
    0x08000fa8   0x08000fa8   0x00000020   Code   RO          128    .text.HAL_MPU_Enable  stm32h7xx_hal_cortex.o
    0x08000fc8   0x08000fc8   0x00000020   Code   RO           46    .text.HAL_MspInit   stm32h7xx_hal_msp.o
    0x08000fe8   0x08000fe8   0x00000020   Code   RO          116    .text.HAL_NVIC_EnableIRQ  stm32h7xx_hal_cortex.o
    0x08001008   0x08001008   0x0000005c   Code   RO          114    .text.HAL_NVIC_SetPriority  stm32h7xx_hal_cortex.o
    0x08001064   0x08001064   0x00000004   PAD
    0x08001068   0x08001068   0x00000020   Code   RO          112    .text.HAL_NVIC_SetPriorityGrouping  stm32h7xx_hal_cortex.o
    0x08001088   0x08001088   0x0000061a   Code   RO          231    .text.HAL_OSPIM_Config  stm32h7xx_hal_ospi.o
    0x080016a2   0x080016a2   0x00000006   PAD
    0x080016a8   0x080016a8   0x00000002   Code   RO          173    .text.HAL_OSPI_AbortCpltCallback  stm32h7xx_hal_ospi.o
    0x080016aa   0x080016aa   0x00000006   PAD
    0x080016b0   0x080016b0   0x00000122   Code   RO          209    .text.HAL_OSPI_AutoPolling  stm32h7xx_hal_ospi.o
    0x080017d2   0x080017d2   0x00000006   PAD
    0x080017d8   0x080017d8   0x00000002   Code   RO          171    .text.HAL_OSPI_CmdCpltCallback  stm32h7xx_hal_ospi.o
    0x080017da   0x080017da   0x00000006   PAD
    0x080017e0   0x080017e0   0x0000014a   Code   RO          183    .text.HAL_OSPI_Command  stm32h7xx_hal_ospi.o
    0x0800192a   0x0800192a   0x00000006   PAD
    0x08001930   0x08001930   0x00000002   Code   RO          175    .text.HAL_OSPI_ErrorCallback  stm32h7xx_hal_ospi.o
    0x08001932   0x08001932   0x00000006   PAD
    0x08001938   0x08001938   0x00000002   Code   RO          165    .text.HAL_OSPI_FifoThresholdCallback  stm32h7xx_hal_ospi.o
    0x0800193a   0x0800193a   0x00000006   PAD
    0x08001940   0x08001940   0x00000198   Code   RO          163    .text.HAL_OSPI_IRQHandler  stm32h7xx_hal_ospi.o
    0x08001ad8   0x08001ad8   0x00000128   Code   RO          153    .text.HAL_OSPI_Init  stm32h7xx_hal_ospi.o
    0x08001c00   0x08001c00   0x00000204   Code   RO           48    .text.HAL_OSPI_MspInit  stm32h7xx_hal_msp.o
    0x08001e04   0x08001e04   0x00000004   PAD
    0x08001e08   0x08001e08   0x0000019c   Code   RO          195    .text.HAL_OSPI_Receive  stm32h7xx_hal_ospi.o
    0x08001fa4   0x08001fa4   0x00000004   PAD
    0x08001fa8   0x08001fa8   0x00000130   Code   RO          207    .text.HAL_OSPI_Receive_DMA  stm32h7xx_hal_ospi.o
    0x080020d8   0x080020d8   0x0000000c   Code   RO          104    .text.HAL_OSPI_RxCpltCallback  lx_stm32_ospi_driver_glue.o
    0x080020e4   0x080020e4   0x00000004   PAD
    0x080020e8   0x080020e8   0x00000002   Code   RO          177    .text.HAL_OSPI_StatusMatchCallback  stm32h7xx_hal_ospi.o
    0x080020ea   0x080020ea   0x00000006   PAD
    0x080020f0   0x080020f0   0x00000002   Code   RO          181    .text.HAL_OSPI_TimeOutCallback  stm32h7xx_hal_ospi.o
    0x080020f2   0x080020f2   0x00000006   PAD
    0x080020f8   0x080020f8   0x00000160   Code   RO          193    .text.HAL_OSPI_Transmit  stm32h7xx_hal_ospi.o
    0x08002258   0x08002258   0x000000e4   Code   RO          201    .text.HAL_OSPI_Transmit_DMA  stm32h7xx_hal_ospi.o
    0x0800233c   0x0800233c   0x00000004   PAD
    0x08002340   0x08002340   0x0000000c   Code   RO          106    .text.HAL_OSPI_TxCpltCallback  lx_stm32_ospi_driver_glue.o
    0x0800234c   0x0800234c   0x00000004   PAD
    0x08002350   0x08002350   0x00000088   Code   RO          529    .text.HAL_PWREx_ConfigSupply  stm32h7xx_hal_pwr_ex.o
    0x080023d8   0x080023d8   0x00000026   Code   RO          279    .text.HAL_RCCEx_GetD3PCLK1Freq  stm32h7xx_hal_rcc_ex.o
    0x080023fe   0x080023fe   0x00000002   PAD
    0x08002400   0x08002400   0x0000012c   Code   RO          275    .text.HAL_RCCEx_GetPLL2ClockFreq  stm32h7xx_hal_rcc_ex.o
    0x0800252c   0x0800252c   0x00000004   PAD
    0x08002530   0x08002530   0x0000012c   Code   RO          277    .text.HAL_RCCEx_GetPLL3ClockFreq  stm32h7xx_hal_rcc_ex.o
    0x0800265c   0x0800265c   0x00000004   PAD
    0x08002660   0x08002660   0x00000aa8   Code   RO          263    .text.HAL_RCCEx_PeriphCLKConfig  stm32h7xx_hal_rcc_ex.o
    0x08003108   0x08003108   0x00000268   Code   RO          238    .text.HAL_RCC_ClockConfig  stm32h7xx_hal_rcc.o
    0x08003370   0x08003370   0x00000058   Code   RO          256    .text.HAL_RCC_GetClockConfig  stm32h7xx_hal_rcc.o
    0x080033c8   0x080033c8   0x0000004c   Code   RO          248    .text.HAL_RCC_GetHCLKFreq  stm32h7xx_hal_rcc.o
    0x08003414   0x08003414   0x00000004   PAD
    0x08003418   0x08003418   0x00000060   Code   RO          250    .text.HAL_RCC_GetPCLK1Freq  stm32h7xx_hal_rcc.o
    0x08003478   0x08003478   0x00000060   Code   RO          252    .text.HAL_RCC_GetPCLK2Freq  stm32h7xx_hal_rcc.o
    0x080034d8   0x080034d8   0x00000114   Code   RO          240    .text.HAL_RCC_GetSysClockFreq  stm32h7xx_hal_rcc.o
    0x080035ec   0x080035ec   0x00000004   PAD
    0x080035f0   0x080035f0   0x00000518   Code   RO          236    .text.HAL_RCC_OscConfig  stm32h7xx_hal_rcc.o
    0x08003b08   0x08003b08   0x00000002   Code   RO         1204    .text.HAL_TIMEx_Break2Callback  stm32h7xx_hal_tim_ex.o
    0x08003b0a   0x08003b0a   0x00000006   PAD
    0x08003b10   0x08003b10   0x00000002   Code   RO         1202    .text.HAL_TIMEx_BreakCallback  stm32h7xx_hal_tim_ex.o
    0x08003b12   0x08003b12   0x00000006   PAD
    0x08003b18   0x08003b18   0x00000002   Code   RO         1198    .text.HAL_TIMEx_CommutCallback  stm32h7xx_hal_tim_ex.o
    0x08003b1a   0x08003b1a   0x00000006   PAD
    0x08003b20   0x08003b20   0x00000060   Code   RO          894    .text.HAL_TIM_Base_Init  stm32h7xx_hal_tim.o
    0x08003b80   0x08003b80   0x00000002   Code   RO          896    .text.HAL_TIM_Base_MspInit  stm32h7xx_hal_tim.o
    0x08003b82   0x08003b82   0x00000006   PAD
    0x08003b88   0x08003b88   0x000000dc   Code   RO          908    .text.HAL_TIM_Base_Start_IT  stm32h7xx_hal_tim.o
    0x08003c64   0x08003c64   0x00000004   PAD
    0x08003c68   0x08003c68   0x00000002   Code   RO         1030    .text.HAL_TIM_IC_CaptureCallback  stm32h7xx_hal_tim.o
    0x08003c6a   0x08003c6a   0x00000006   PAD
    0x08003c70   0x08003c70   0x0000018c   Code   RO         1028    .text.HAL_TIM_IRQHandler  stm32h7xx_hal_tim.o
    0x08003dfc   0x08003dfc   0x00000004   PAD
    0x08003e00   0x08003e00   0x00000002   Code   RO         1032    .text.HAL_TIM_OC_DelayElapsedCallback  stm32h7xx_hal_tim.o
    0x08003e02   0x08003e02   0x00000006   PAD
    0x08003e08   0x08003e08   0x00000002   Code   RO         1034    .text.HAL_TIM_PWM_PulseFinishedCallback  stm32h7xx_hal_tim.o
    0x08003e0a   0x08003e0a   0x00000006   PAD
    0x08003e10   0x08003e10   0x00000014   Code   RO           14    .text.HAL_TIM_PeriodElapsedCallback  main.o
    0x08003e24   0x08003e24   0x00000004   PAD
    0x08003e28   0x08003e28   0x00000002   Code   RO         1038    .text.HAL_TIM_TriggerCallback  stm32h7xx_hal_tim.o
    0x08003e2a   0x08003e2a   0x00000006   PAD
    0x08003e30   0x08003e30   0x00000036   Code   RO         1367    .text.HAL_UARTEx_DisableFifoMode  stm32h7xx_hal_uart_ex.o
    0x08003e66   0x08003e66   0x00000002   PAD
    0x08003e68   0x08003e68   0x00000090   Code   RO         1371    .text.HAL_UARTEx_SetRxFifoThreshold  stm32h7xx_hal_uart_ex.o
    0x08003ef8   0x08003ef8   0x00000090   Code   RO         1369    .text.HAL_UARTEx_SetTxFifoThreshold  stm32h7xx_hal_uart_ex.o
    0x08003f88   0x08003f88   0x00000066   Code   RO         1211    .text.HAL_UART_Init  stm32h7xx_hal_uart.o
    0x08003fee   0x08003fee   0x00000002   PAD
    0x08003ff0   0x08003ff0   0x00000086   Code   RO           52    .text.HAL_UART_MspInit  stm32h7xx_hal_msp.o
    0x08004076   0x08004076   0x00000002   PAD
    0x08004078   0x08004078   0x000000c6   Code   RO         1231    .text.HAL_UART_Transmit  stm32h7xx_hal_uart.o
    0x0800413e   0x0800413e   0x00000002   PAD
    0x08004140   0x08004140   0x00000002   Code   RO           29    .text.HardFault_Handler  stm32h7xx_it.o
    0x08004142   0x08004142   0x00000006   PAD
    0x08004148   0x08004148   0x0000000c   Code   RO           43    .text.MDMA_IRQHandler  stm32h7xx_it.o
    0x08004154   0x08004154   0x00000004   PAD
    0x08004158   0x08004158   0x00000078   Code   RO           71    .text.MX_FileX_Init  app_filex.o
    0x080041d0   0x080041d0   0x00000004   Code   RO           24    .text.MX_ThreadX_Init  app_threadx.o
    0x080041d4   0x080041d4   0x00000004   PAD
    0x080041d8   0x080041d8   0x00000002   Code   RO           31    .text.MemManage_Handler  stm32h7xx_it.o
    0x080041da   0x080041da   0x00000006   PAD
    0x080041e0   0x080041e0   0x00000002   Code   RO           27    .text.NMI_Handler   stm32h7xx_it.o
    0x080041e2   0x080041e2   0x00000006   PAD
    0x080041e8   0x080041e8   0x0000000c   Code   RO           41    .text.OCTOSPI1_IRQHandler  stm32h7xx_it.o
    0x080041f4   0x080041f4   0x00000004   PAD
    0x080041f8   0x080041f8   0x000001da   Code   RO          185    .text.OSPI_ConfigCmd  stm32h7xx_hal_ospi.o
    0x080043d2   0x080043d2   0x00000006   PAD
    0x080043d8   0x080043d8   0x0000003e   Code   RO          179    .text.OSPI_DMAAbortCplt  stm32h7xx_hal_ospi.o
    0x08004416   0x08004416   0x00000002   PAD
    0x08004418   0x08004418   0x00000024   Code   RO          203    .text.OSPI_DMACplt  stm32h7xx_hal_ospi.o
    0x0800443c   0x0800443c   0x00000004   PAD
    0x08004440   0x08004440   0x00000098   Code   RO          205    .text.OSPI_DMAError  stm32h7xx_hal_ospi.o
    0x080044d8   0x080044d8   0x00000122   Code   RO          265    .text.RCCEx_PLL2_Config  stm32h7xx_hal_rcc_ex.o
    0x080045fa   0x080045fa   0x00000006   PAD
    0x08004600   0x08004600   0x00000122   Code   RO          267    .text.RCCEx_PLL3_Config  stm32h7xx_hal_rcc_ex.o
    0x08004722   0x08004722   0x00000006   PAD
    0x08004728   0x08004728   0x00000100   Code   RO            8    .text.SystemClock_Config  main.o
    0x08004828   0x08004828   0x000000b0   Code   RO         1383    .text.SystemInit    system_stm32h7xx.o
    0x080048d8   0x080048d8   0x0000000c   Code   RO           39    .text.TIM6_DAC_IRQHandler  stm32h7xx_it.o
    0x080048e4   0x080048e4   0x00000004   PAD
    0x080048e8   0x080048e8   0x00000174   Code   RO          898    .text.TIM_Base_SetConfig  stm32h7xx_hal_tim.o
    0x08004a5c   0x08004a5c   0x00000004   PAD
    0x08004a60   0x08004a60   0x000000e0   Code   RO         1217    .text.UART_AdvFeatureConfig  stm32h7xx_hal_uart.o
    0x08004b40   0x08004b40   0x00000176   Code   RO         1219    .text.UART_CheckIdleState  stm32h7xx_hal_uart.o
    0x08004cb6   0x08004cb6   0x00000002   PAD
    0x08004cb8   0x08004cb8   0x000004d4   Code   RO         1215    .text.UART_SetConfig  stm32h7xx_hal_uart.o
    0x0800518c   0x0800518c   0x00000004   PAD
    0x08005190   0x08005190   0x000002ea   Code   RO         1233    .text.UART_WaitOnFlagUntilTimeout  stm32h7xx_hal_uart.o
    0x0800547a   0x0800547a   0x00000006   PAD
    0x08005480   0x08005480   0x00000002   Code   RO           35    .text.UsageFault_Handler  stm32h7xx_it.o
    0x08005482   0x08005482   0x00000006   PAD
    0x08005488   0x08005488   0x000008be   Code   RO         1411    .text._fx_directory_entry_read  fx_directory_entry_read.o
    0x08005d46   0x08005d46   0x00000002   PAD
    0x08005d48   0x08005d48   0x00000cf4   Code   RO         1414    .text._fx_directory_entry_write  fx_directory_entry_write.o
    0x08006a3c   0x08006a3c   0x00000004   PAD
    0x08006a40   0x08006a40   0x00000128   Code   RO         1454    .text._fx_directory_name_extract  fx_directory_name_extract.o
    0x08006b68   0x08006b68   0x000007c6   Code   RO         1469    .text._fx_directory_search  fx_directory_search.o
    0x0800732e   0x0800732e   0x00000002   PAD
    0x08007330   0x08007330   0x000000de   Code   RO         1509    .text._fx_file_close  fx_file_close.o
    0x0800740e   0x0800740e   0x00000002   PAD
    0x08007410   0x08007410   0x0000025c   Code   RO         1530    .text._fx_file_extended_seek  fx_file_extended_seek.o
    0x0800766c   0x0800766c   0x00000004   PAD
    0x08007670   0x08007670   0x0000041a   Code   RO         1539    .text._fx_file_open  fx_file_open.o
    0x08007a8a   0x08007a8a   0x00000006   PAD
    0x08007a90   0x08007a90   0x00000306   Code   RO         1542    .text._fx_file_read  fx_file_read.o
    0x08007d96   0x08007d96   0x00000002   PAD
    0x08007d98   0x08007d98   0x00000008   Code   RO         1551    .text._fx_file_seek  fx_file_seek.o
    0x08007da0   0x08007da0   0x00000108   Code   RO         1566    .text._fx_media_abort  fx_media_abort.o
    0x08007ea8   0x08007ea8   0x000000ac   Code   RO         1569    .text._fx_media_boot_info_extract  fx_media_boot_info_extract.o
    0x08007f54   0x08007f54   0x00000004   PAD
    0x08007f58   0x08007f58   0x0000025c   Code   RO         1584    .text._fx_media_close  fx_media_close.o
    0x080081b4   0x080081b4   0x00000004   PAD
    0x080081b8   0x080081b8   0x00000042   Code   RO         1591    .text._fx_media_extended_space_available  fx_media_extended_space_available.o
    0x080081fa   0x080081fa   0x00000006   PAD
    0x08008200   0x08008200   0x0000064c   Code   RO         1610    .text._fx_media_open  fx_media_open.o
    0x0800884c   0x0800884c   0x00000004   PAD
    0x08008850   0x08008850   0x0000002c   Code   RO         1619    .text._fx_media_space_available  fx_media_space_available.o
    0x0800887c   0x0800887c   0x00000004   PAD
    0x08008880   0x08008880   0x00000084   Code   RO         1647    .text._fx_system_initialize  fx_system_initialize.o
    0x08008904   0x08008904   0x00000004   PAD
    0x08008908   0x08008908   0x00000212   Code   RO         1658    .text._fx_system_timer_entry  fx_system_timer_entry.o
    0x08008b1a   0x08008b1a   0x00000006   PAD
    0x08008b20   0x08008b20   0x00000004   Code   RO         1702    .text._fx_utility_16_unsigned_read  fx_utility_16_unsigned_read.o
    0x08008b24   0x08008b24   0x00000004   PAD
    0x08008b28   0x08008b28   0x00000004   Code   RO         1705    .text._fx_utility_16_unsigned_write  fx_utility_16_unsigned_write.o
    0x08008b2c   0x08008b2c   0x00000004   PAD
    0x08008b30   0x08008b30   0x00000004   Code   RO         1708    .text._fx_utility_32_unsigned_read  fx_utility_32_unsigned_read.o
    0x08008b34   0x08008b34   0x00000004   PAD
    0x08008b38   0x08008b38   0x00000004   Code   RO         1711    .text._fx_utility_32_unsigned_write  fx_utility_32_unsigned_write.o
    0x08008b3c   0x08008b3c   0x00000004   PAD
    0x08008b40   0x08008b40   0x000002ec   Code   RO         1740    .text._fx_utility_FAT_entry_read  fx_utility_fat_entry_read.o
    0x08008e2c   0x08008e2c   0x00000004   PAD
    0x08008e30   0x08008e30   0x00000324   Code   RO         1746    .text._fx_utility_FAT_flush  fx_utility_fat_flush.o
    0x08009154   0x08009154   0x00000004   PAD
    0x08009158   0x08009158   0x000000b2   Code   RO         1749    .text._fx_utility_FAT_map_flush  fx_utility_fat_map_flush.o
    0x0800920a   0x0800920a   0x00000006   PAD
    0x08009210   0x08009210   0x0000034c   Code   RO         1755    .text._fx_utility_logical_sector_cache_entry_read  fx_utility_logical_sector_cache_entry_read.o
    0x0800955c   0x0800955c   0x00000004   PAD
    0x08009560   0x08009560   0x000006fa   Code   RO         1758    .text._fx_utility_logical_sector_flush  fx_utility_logical_sector_flush.o
    0x08009c5a   0x08009c5a   0x00000006   PAD
    0x08009c60   0x08009c60   0x0000030e   Code   RO         1761    .text._fx_utility_logical_sector_read  fx_utility_logical_sector_read.o
    0x08009f6e   0x08009f6e   0x00000002   PAD
    0x08009f70   0x08009f70   0x00000204   Code   RO         1764    .text._fx_utility_logical_sector_write  fx_utility_logical_sector_write.o
    0x0800a174   0x0800a174   0x00000004   PAD
    0x0800a178   0x0800a178   0x0000000a   Code   RO         1767    .text._fx_utility_memory_copy  fx_utility_memory_copy.o
    0x0800a182   0x0800a182   0x00000006   PAD
    0x0800a188   0x0800a188   0x00000040   Code   RO         1859    .text._fxe_file_close  fxe_file_close.o
    0x0800a1c8   0x0800a1c8   0x000000ec   Code   RO         1889    .text._fxe_file_open  fxe_file_open.o
    0x0800a2b4   0x0800a2b4   0x00000004   PAD
    0x0800a2b8   0x0800a2b8   0x0000005c   Code   RO         1892    .text._fxe_file_read  fxe_file_read.o
    0x0800a314   0x0800a314   0x00000004   PAD
    0x0800a318   0x0800a318   0x00000040   Code   RO         1901    .text._fxe_file_seek  fxe_file_seek.o
    0x0800a358   0x0800a358   0x00000040   Code   RO         1925    .text._fxe_media_close  fxe_media_close.o
    0x0800a398   0x0800a398   0x00000126   Code   RO         1941    .text._fxe_media_open  fxe_media_open.o
    0x0800a4be   0x0800a4be   0x00000002   PAD
    0x0800a4c0   0x0800a4c0   0x00000048   Code   RO         1950    .text._fxe_media_space_available  fxe_media_space_available.o
    0x0800a508   0x0800a508   0x00000300   Code   RO         2020    .text._lx_nor_flash_block_reclaim  lx_nor_flash_block_reclaim.o
    0x0800a808   0x0800a808   0x00000076   Code   RO         2023    .text._lx_nor_flash_close  lx_nor_flash_close.o
    0x0800a87e   0x0800a87e   0x00000002   PAD
    0x0800a880   0x0800a880   0x00000142   Code   RO         2029    .text._lx_nor_flash_driver_block_erase  lx_nor_flash_driver_block_erase.o
    0x0800a9c2   0x0800a9c2   0x00000006   PAD
    0x0800a9c8   0x0800a9c8   0x000000e0   Code   RO         2032    .text._lx_nor_flash_driver_read  lx_nor_flash_driver_read.o
    0x0800aaa8   0x0800aaa8   0x000000a6   Code   RO         2035    .text._lx_nor_flash_driver_write  lx_nor_flash_driver_write.o
    0x0800ab4e   0x0800ab4e   0x00000002   PAD
    0x0800ab50   0x0800ab50   0x00000360   Code   RO         2045    .text._lx_nor_flash_logical_sector_find  lx_nor_flash_logical_sector_find.o
    0x0800aeb0   0x0800aeb0   0x000001ec   Code   RO         2048    .text._lx_nor_flash_next_block_to_erase_find  lx_nor_flash_next_block_to_erase_find.o
    0x0800b09c   0x0800b09c   0x00000004   PAD
    0x0800b0a0   0x0800b0a0   0x00000502   Code   RO         2051    .text._lx_nor_flash_open  lx_nor_flash_open.o
    0x0800b5a2   0x0800b5a2   0x00000006   PAD
    0x0800b5a8   0x0800b5a8   0x0000022a   Code   RO         2057    .text._lx_nor_flash_physical_sector_allocate  lx_nor_flash_physical_sector_allocate.o
    0x0800b7d2   0x0800b7d2   0x00000006   PAD
    0x0800b7d8   0x0800b7d8   0x0000007e   Code   RO         2060    .text._lx_nor_flash_sector_mapping_cache_invalidate  lx_nor_flash_sector_mapping_cache_invalidate.o
    0x0800b856   0x0800b856   0x00000002   PAD
    0x0800b858   0x0800b858   0x0000009c   Code   RO         2063    .text._lx_nor_flash_sector_read  lx_nor_flash_sector_read.o
    0x0800b8f4   0x0800b8f4   0x00000004   PAD
    0x0800b8f8   0x0800b8f8   0x00000090   Code   RO         2066    .text._lx_nor_flash_sector_release  lx_nor_flash_sector_release.o
    0x0800b988   0x0800b988   0x0000016c   Code   RO         2069    .text._lx_nor_flash_sector_write  lx_nor_flash_sector_write.o
    0x0800baf4   0x0800baf4   0x00000004   PAD
    0x0800baf8   0x0800baf8   0x00000018   Code   RO         2072    .text._lx_nor_flash_system_error  lx_nor_flash_system_error.o
    0x0800bb10   0x0800bb10   0x000000da   Code   RO         2117    .text._tx_byte_allocate  tx_byte_allocate.o
    0x0800bbea   0x0800bbea   0x00000006   PAD
    0x0800bbf0   0x0800bbf0   0x00000092   Code   RO         2120    .text._tx_byte_pool_cleanup  tx_byte_pool_cleanup.o
    0x0800bc82   0x0800bc82   0x00000006   PAD
    0x0800bc88   0x0800bc88   0x0000008c   Code   RO         2123    .text._tx_byte_pool_create  tx_byte_pool_create.o
    0x0800bd14   0x0800bd14   0x00000004   PAD
    0x0800bd18   0x0800bd18   0x000000ec   Code   RO         2136    .text._tx_byte_pool_search  tx_byte_pool_search.o
    0x0800be04   0x0800be04   0x00000004   PAD
    0x0800be08   0x0800be08   0x0000002e   Code   RO         2084    .text._tx_initialize_high_level  tx_initialize_high_level.o
    0x0800be36   0x0800be36   0x00000002   PAD
    0x0800be38   0x0800be38   0x0000004e   Code   RO         2089    .text._tx_initialize_kernel_enter  tx_initialize_kernel_enter.o
    0x0800be86   0x0800be86   0x00000002   PAD
    0x0800be88   0x0800be88   0x00000092   Code   RO         2164    .text._tx_mutex_cleanup  tx_mutex_cleanup.o
    0x0800bf1a   0x0800bf1a   0x00000006   PAD
    0x0800bf20   0x0800bf20   0x0000006a   Code   RO         2169    .text._tx_mutex_create  tx_mutex_create.o
    0x0800bf8a   0x0800bf8a   0x00000006   PAD
    0x0800bf90   0x0800bf90   0x000000c0   Code   RO         2172    .text._tx_mutex_delete  tx_mutex_delete.o
    0x0800c050   0x0800c050   0x0000011c   Code   RO         2175    .text._tx_mutex_get  tx_mutex_get.o
    0x0800c16c   0x0800c16c   0x00000004   PAD
    0x0800c170   0x0800c170   0x000000c0   Code   RO         2182    .text._tx_mutex_prioritize  tx_mutex_prioritize.o
    0x0800c230   0x0800c230   0x000000c2   Code   RO         2185    .text._tx_mutex_priority_change  tx_mutex_priority_change.o
    0x0800c2f2   0x0800c2f2   0x00000006   PAD
    0x0800c2f8   0x0800c2f8   0x00000232   Code   RO         2188    .text._tx_mutex_put  tx_mutex_put.o
    0x0800c52a   0x0800c52a   0x00000006   PAD
    0x0800c530   0x0800c530   0x00000046   Code   RO         2166    .text._tx_mutex_thread_release  tx_mutex_cleanup.o
    0x0800c576   0x0800c576   0x00000002   PAD
    0x0800c578   0x0800c578   0x00000092   Code   RO         2225    .text._tx_semaphore_cleanup  tx_semaphore_cleanup.o
    0x0800c60a   0x0800c60a   0x00000006   PAD
    0x0800c610   0x0800c610   0x0000005c   Code   RO         2228    .text._tx_semaphore_create  tx_semaphore_create.o
    0x0800c66c   0x0800c66c   0x00000004   PAD
    0x0800c670   0x0800c670   0x000000a8   Code   RO         2234    .text._tx_semaphore_get  tx_semaphore_get.o
    0x0800c718   0x0800c718   0x0000005e   Code   RO         2244    .text._tx_semaphore_put  tx_semaphore_put.o
    0x0800c776   0x0800c776   0x00000002   PAD
    0x0800c778   0x0800c778   0x0000013c   Code   RO         2250    .text._tx_thread_create  tx_thread_create.o
    0x0800c8b4   0x0800c8b4   0x00000004   PAD
    0x0800c8b8   0x0800c8b8   0x00000016   Code   RO         2259    .text._tx_thread_identify  tx_thread_identify.o
    0x0800c8ce   0x0800c8ce   0x00000002   PAD
    0x0800c8d0   0x0800c8d0   0x00000036   Code   RO         2265    .text._tx_thread_initialize  tx_thread_initialize.o
    0x0800c906   0x0800c906   0x00000002   PAD
    0x0800c908   0x0800c908   0x0000008e   Code   RO         2274    .text._tx_thread_preemption_change  tx_thread_preemption_change.o
    0x0800c996   0x0800c996   0x00000002   PAD
    0x0800c998   0x0800c998   0x0000005a   Code   RO         2289    .text._tx_thread_shell_entry  tx_thread_shell_entry.o
    0x0800c9f2   0x0800c9f2   0x00000006   PAD
    0x0800c9f8   0x0800c9f8   0x00000092   Code   RO         2292    .text._tx_thread_sleep  tx_thread_sleep.o
    0x0800ca8a   0x0800ca8a   0x00000006   PAD
    0x0800ca90   0x0800ca90   0x0000004c   Code   RO         2305    .text._tx_thread_system_preempt_check  tx_thread_system_preempt_check.o
    0x0800cadc   0x0800cadc   0x00000004   PAD
    0x0800cae0   0x0800cae0   0x00000130   Code   RO         2308    .text._tx_thread_system_resume  tx_thread_system_resume.o
    0x0800cc10   0x0800cc10   0x0000018a   Code   RO         2311    .text._tx_thread_system_suspend  tx_thread_system_suspend.o
    0x0800cd9a   0x0800cd9a   0x00000006   PAD
    0x0800cda0   0x0800cda0   0x00000070   Code   RO         2317    .text._tx_thread_time_slice  tx_thread_time_slice.o
    0x0800ce10   0x0800ce10   0x00000036   Code   RO         2323    .text._tx_thread_timeout  tx_thread_timeout.o
    0x0800ce46   0x0800ce46   0x00000002   PAD
    0x0800ce48   0x0800ce48   0x00000016   Code   RO         2329    .text._tx_time_get  tx_time_get.o
    0x0800ce5e   0x0800ce5e   0x00000002   PAD
    0x0800ce60   0x0800ce60   0x0000007c   Code   RO         2503    .text._tx_timer_create  tx_timer_create.o
    0x0800cedc   0x0800cedc   0x00000004   PAD
    0x0800cee0   0x0800cee0   0x00000024   Code   RO         2512    .text._tx_timer_expiration_process  tx_timer_expiration_process.o
    0x0800cf04   0x0800cf04   0x00000004   PAD
    0x0800cf08   0x0800cf08   0x000000be   Code   RO         2518    .text._tx_timer_initialize  tx_timer_initialize.o
    0x0800cfc6   0x0800cfc6   0x00000002   PAD
    0x0800cfc8   0x0800cfc8   0x0000005a   Code   RO         2526    .text._tx_timer_system_activate  tx_timer_system_activate.o
    0x0800d022   0x0800d022   0x00000006   PAD
    0x0800d028   0x0800d028   0x0000003a   Code   RO         2529    .text._tx_timer_system_deactivate  tx_timer_system_deactivate.o
    0x0800d062   0x0800d062   0x00000006   PAD
    0x0800d068   0x0800d068   0x00000142   Code   RO         2532    .text._tx_timer_thread_entry  tx_timer_thread_entry.o
    0x0800d1aa   0x0800d1aa   0x00000006   PAD
    0x0800d1b0   0x0800d1b0   0x000000b0   Code   RO         2353    .text._txe_byte_allocate  txe_byte_allocate.o
    0x0800d260   0x0800d260   0x00000164   Code   RO         2356    .text._txe_byte_pool_create  txe_byte_pool_create.o
    0x0800d3c4   0x0800d3c4   0x00000004   PAD
    0x0800d3c8   0x0800d3c8   0x0000012a   Code   RO         2437    .text._txe_semaphore_create  txe_semaphore_create.o
    0x0800d4f2   0x0800d4f2   0x00000006   PAD
    0x0800d4f8   0x0800d4f8   0x0000004c   Code   RO         2443    .text._txe_semaphore_get  txe_semaphore_get.o
    0x0800d544   0x0800d544   0x00000004   PAD
    0x0800d548   0x0800d548   0x00000018   Code   RO         2452    .text._txe_semaphore_put  txe_semaphore_put.o
    0x0800d560   0x0800d560   0x00000184   Code   RO         2458    .text._txe_thread_create  txe_thread_create.o
    0x0800d6e4   0x0800d6e4   0x00000004   PAD
    0x0800d6e8   0x0800d6e8   0x00000020   Code   RO           12    .text.fputc         main.o
    0x0800d708   0x0800d708   0x00000204   Code   RO           73    .text.fx_app_thread_entry  app_filex.o
    0x0800d90c   0x0800d90c   0x00000004   PAD
    0x0800d910   0x0800d910   0x000001e6   Code   RO         2015    .text.fx_stm32_levelx_nor_driver  fx_stm32_levelx_nor_driver.o
    0x0800daf6   0x0800daf6   0x00000002   PAD
    0x0800daf8   0x0800daf8   0x00000038   Code   RO         2009    .text.lx_ospi_driver_block_erased_verify  lx_stm32_ospi_driver.o
    0x0800db30   0x0800db30   0x00000056   Code   RO         2007    .text.lx_ospi_driver_erase_block  lx_stm32_ospi_driver.o
    0x0800db86   0x0800db86   0x00000002   PAD
    0x0800db88   0x0800db88   0x00000056   Code   RO         2003    .text.lx_ospi_driver_read_sector  lx_stm32_ospi_driver.o
    0x0800dbde   0x0800dbde   0x00000002   PAD
    0x0800dbe0   0x0800dbe0   0x00000004   Code   RO          102    .text.lx_ospi_driver_system_error  lx_stm32_ospi_driver_glue.o
    0x0800dbe4   0x0800dbe4   0x00000004   PAD
    0x0800dbe8   0x0800dbe8   0x00000056   Code   RO         2005    .text.lx_ospi_driver_write_sector  lx_stm32_ospi_driver.o
    0x0800dc3e   0x0800dc3e   0x00000002   PAD
    0x0800dc40   0x0800dc40   0x000000be   Code   RO           98    .text.lx_stm32_ospi_erase  lx_stm32_ospi_driver_glue.o
    0x0800dcfe   0x0800dcfe   0x00000002   PAD
    0x0800dd00   0x0800dd00   0x00000010   Code   RO           90    .text.lx_stm32_ospi_get_info  lx_stm32_ospi_driver_glue.o
    0x0800dd10   0x0800dd10   0x0000008c   Code   RO           88    .text.lx_stm32_ospi_get_status  lx_stm32_ospi_driver_glue.o
    0x0800dd9c   0x0800dd9c   0x00000004   PAD
    0x0800dda0   0x0800dda0   0x00000114   Code   RO         2001    .text.lx_stm32_ospi_initialize  lx_stm32_ospi_driver.o
    0x0800deb4   0x0800deb4   0x00000004   PAD
    0x0800deb8   0x0800deb8   0x00000004   Code   RO          100    .text.lx_stm32_ospi_is_block_erased  lx_stm32_ospi_driver_glue.o
    0x0800debc   0x0800debc   0x00000004   PAD
    0x0800dec0   0x0800dec0   0x000002b2   Code   RO           84    .text.lx_stm32_ospi_lowlevel_init  lx_stm32_ospi_driver_glue.o
    0x0800e172   0x0800e172   0x00000006   PAD
    0x0800e178   0x0800e178   0x00000084   Code   RO           92    .text.lx_stm32_ospi_read  lx_stm32_ospi_driver_glue.o
    0x0800e1fc   0x0800e1fc   0x00000004   PAD
    0x0800e200   0x0800e200   0x00000118   Code   RO           94    .text.lx_stm32_ospi_write  lx_stm32_ospi_driver_glue.o
    0x0800e318   0x0800e318   0x00000386   Code   RO            6    .text.main          main.o
    0x0800e69e   0x0800e69e   0x00000002   PAD
    0x0800e6a0   0x0800e6a0   0x000000a8   Code   RO           96    .text.ospi_auto_polling_ready  lx_stm32_ospi_driver_glue.o
    0x0800e748   0x0800e748   0x0000008c   Code   RO           65    .text.tx_application_define  app_azure_rtos.o
    0x0800e7d4   0x0800e7d4   0x00000020   Code   RO         2617    i.__0printf$4       mc_w.l(printf4.o)
    0x0800e7f4   0x0800e7f4   0x0000000e   Code   RO         2726    i.__scatterload_copy  mc_w.l(handlers.o)
    0x0800e802   0x0800e802   0x00000002   Code   RO         2727    i.__scatterload_null  mc_w.l(handlers.o)
    0x0800e804   0x0800e804   0x0000000e   Code   RO         2728    i.__scatterload_zeroinit  mc_w.l(handlers.o)
    0x0800e812   0x0800e812   0x00000002   PAD
    0x0800e814   0x0800e814   0x0000022c   Code   RO         2624    i._printf_core      mc_w.l(printf4.o)
    0x0800ea40   0x0800ea40   0x00000024   Code   RO         2555    i.puts              mc_w.l(puts.o)
    0x0800ea64   0x0800ea64   0x00000006   Data   RO         1346    .rodata..Lswitch.table.UART_SetConfig.7  stm32h7xx_hal_uart.o
    0x0800ea6a   0x0800ea6a   0x00000006   Data   RO         1347    .rodata..Lswitch.table.UART_SetConfig.9  stm32h7xx_hal_uart.o
    0x0800ea70   0x0800ea70   0x00000010   Data   RO         1387    .rodata.D1CorePrescTable  system_stm32h7xx.o
    0x0800ea80   0x0800ea80   0x00000018   Data   RO         1345    .rodata.UARTPrescTable  stm32h7xx_hal_uart.o
    0x0800ea98   0x0800ea98   0x00000010   Data   RO         1381    .rodata.cst8        stm32h7xx_hal_uart_ex.o
    0x0800eaa8   0x0800eaa8   0x000000f0   Data   RO           80    .rodata.str1.1      app_filex.o
    0x0800eb98   0x0800eb98   0x00000014   Data   RO         2523    .rodata.str1.1      tx_timer_initialize.o
    0x0800ebac   0x0800ebac   0x00000020   Data   RO         2725    Region$$Table       anon$$obj.o


    Execution Region RW_IRAM1 (Exec base: 0x20000000, Load base: 0x0800ebe0, Size: 0x00015b78, Max: 0x00020000, ABSOLUTE, COMPRESSED[0x000000c0])

    Exec Addr    Load Addr    Size         Type   Attr      Idx    E Section Name        Object

    0x20000000   COMPRESSED   0x00000004   Data   RW         2706    .data               mc_w.l(stdout.o)
    0x20000004   COMPRESSED   0x00000008   Data   RW          715    .data..L_MergedGlobals  stm32h7xx_hal.o
    0x2000000c   COMPRESSED   0x00000008   Data   RW         1388    .data..L_MergedGlobals  system_stm32h7xx.o
    0x20000014   COMPRESSED   0x0000005c   Data   RW         1649    .data._fx_version_id  fx_system_initialize.o
    0x20000070   COMPRESSED   0x00000004   Data   RW         2268    .data._tx_thread_system_state  tx_thread_initialize.o
    0x20000074   COMPRESSED   0x00001060   Data   RW         2017    .data.fx_lx_nor_drivers  fx_stm32_levelx_nor_driver.o
    0x200010d4   COMPRESSED   0x0000000c   PAD
    0x200010e0        -       0x00000068   Zero   RW           69    .bss..L_MergedGlobals  app_azure_rtos.o
    0x20001148        -       0x00000050   Zero   RW         1650    .bss..L_MergedGlobals  fx_system_initialize.o
    0x20001198        -       0x00000008   Zero   RW         2043    .bss..L_MergedGlobals  lx_nor_flash_initialize.o
    0x200011a0        -       0x00000030   Zero   RW         2087    .bss..L_MergedGlobals  tx_initialize_high_level.o
    0x200011d0        -       0x00000024   Zero   RW         2272    .bss..L_MergedGlobals  tx_thread_initialize.o
    0x200011f4        -       0x00000034   Zero   RW         2524    .bss..L_MergedGlobals  tx_timer_initialize.o
    0x20001228        -       0x00000004   Zero   RW         2086    .bss._tx_initialize_unused_memory  tx_initialize_high_level.o
    0x2000122c        -       0x00000080   Zero   RW         2270    .bss._tx_thread_priority_list  tx_thread_initialize.o
    0x200012ac        -       0x00000004   Zero   RW         2271    .bss._tx_thread_system_stack_ptr  tx_thread_initialize.o
    0x200012b0        -       0x00000080   Zero   RW         2520    .bss._tx_timer_list  tx_timer_initialize.o
    0x20001330        -       0x000000b0   Zero   RW         2522    .bss._tx_timer_thread  tx_timer_initialize.o
    0x200013e0        -       0x00000400   Zero   RW         2521    .bss._tx_timer_thread_stack_area  tx_timer_initialize.o
    0x200017e0        -       0x00000004   Zero   RW         2018    .bss.current_driver  fx_stm32_levelx_nor_driver.o
    0x200017e4        -       0x000000b0   Zero   RW           75    .bss.fx_app_thread  app_filex.o
    0x20001894        -       0x00001000   Zero   RW           68    .bss.fx_byte_pool_buffer  app_azure_rtos.o
    0x20002894   COMPRESSED   0x00000004   PAD
    0x20002898        -       0x000001e0   Zero   RW           81    .bss.fx_file        app_filex.o
    0x20002a78   COMPRESSED   0x00000008   PAD
    0x20002a80        -       0x00000200   Zero   RW           79    .bss.fx_nor_ospi_media_memory  app_filex.o
    0x20002c80        -       0x0000006c   Zero   RW           18    .bss.hmdma_octospi1_fifo_th  main.o
    0x20002cec        -       0x0000005c   Zero   RW           17    .bss.hospi1         main.o
    0x20002d48        -       0x0000004c   Zero   RW           63    .bss.htim6          stm32h7xx_hal_timebase_tim.o
    0x20002d94        -       0x00000094   Zero   RW           16    .bss.huart3         main.o
    0x20002e28        -       0x00000001   Zero   RW         2013    .bss.is_initialized  lx_stm32_ospi_driver.o
    0x20002e29   COMPRESSED   0x00000007   PAD
    0x20002e30        -       0x000024b8   Zero   RW           78    .bss.nor_ospi_flash_disk  app_filex.o
    0x200052e8        -       0x0000001c   Zero   RW          109    .bss.ospi_rx_semaphore  lx_stm32_ospi_driver_glue.o
    0x20005304        -       0x00010000   Zero   RW          110    .bss.ospi_sector_buffer  lx_stm32_ospi_driver_glue.o
    0x20015304        -       0x0000001c   Zero   RW          108    .bss.ospi_tx_semaphore  lx_stm32_ospi_driver_glue.o
    0x20015320        -       0x00000050   Zero   RW           82    .bss.read_buffer    app_filex.o
    0x20015370        -       0x00000400   Zero   RW           67    .bss.tx_byte_pool_buffer  app_azure_rtos.o
    0x20015770        -       0x00000004   Zero   RW          714    .bss.uwTick         stm32h7xx_hal.o
    0x20015774   COMPRESSED   0x00000004   PAD
    0x20015778        -       0x00000400   Zero   RW            1    STACK               startup_stm32h735xx.o


==============================================================================

Image component sizes


      Code (inc. data)   RO Data    RW Data    ZI Data      Debug   Object Name

       140         40          0          0       5224          0   app_azure_rtos.o
       636        156        240          0      10648          0   app_filex.o
         8          0          0          0          0          0   app_threadx.o
      2238          0          0          0          0          0   fx_directory_entry_read.o
      3316          0          0          0          0          0   fx_directory_entry_write.o
       296          0          0          0          0          0   fx_directory_name_extract.o
      1990          0          0          0          0          0   fx_directory_search.o
       222          0          0          0          0          0   fx_file_close.o
       604          0          0          0          0          0   fx_file_extended_seek.o
      1050          0          0          0          0          0   fx_file_open.o
       774          0          0          0          0          0   fx_file_read.o
         8          0          0          0          0          0   fx_file_seek.o
       264          0          0          0          0          0   fx_media_abort.o
       172          0          0          0          0          0   fx_media_boot_info_extract.o
       604          0          0          0          0          0   fx_media_close.o
        66          0          0          0          0          0   fx_media_extended_space_available.o
      1612         20          0          0          0          0   fx_media_open.o
        44          0          0          0          0          0   fx_media_space_available.o
       486         12          0       4192          4          0   fx_stm32_levelx_nor_driver.o
       132         20          0         92         80          0   fx_system_initialize.o
       530         12          0          0          0          0   fx_system_timer_entry.o
         4          0          0          0          0          0   fx_utility_16_unsigned_read.o
         4          0          0          0          0          0   fx_utility_16_unsigned_write.o
         4          0          0          0          0          0   fx_utility_32_unsigned_read.o
         4          0          0          0          0          0   fx_utility_32_unsigned_write.o
       748          0          0          0          0          0   fx_utility_fat_entry_read.o
       804          0          0          0          0          0   fx_utility_fat_flush.o
       178          0          0          0          0          0   fx_utility_fat_map_flush.o
       844          0          0          0          0          0   fx_utility_logical_sector_cache_entry_read.o
      1786          0          0          0          0          0   fx_utility_logical_sector_flush.o
       782          0          0          0          0          0   fx_utility_logical_sector_read.o
       516          0          0          0          0          0   fx_utility_logical_sector_write.o
        10          0          0          0          0          0   fx_utility_memory_copy.o
        64          0          0          0          0          0   fxe_file_close.o
       236          0          0          0          0          0   fxe_file_open.o
        92          0          0          0          0          0   fxe_file_read.o
        64          0          0          0          0          0   fxe_file_seek.o
        64          0          0          0          0          0   fxe_media_close.o
       294          0          0          0          0          0   fxe_media_open.o
        72          0          0          0          0          0   fxe_media_space_available.o
       768          0          0          0          0          0   lx_nor_flash_block_reclaim.o
       118          0          0          0          0          0   lx_nor_flash_close.o
       322          0          0          0          0          0   lx_nor_flash_driver_block_erase.o
       224          0          0          0          0          0   lx_nor_flash_driver_read.o
       166          0          0          0          0          0   lx_nor_flash_driver_write.o
         0          0          0          0          8          0   lx_nor_flash_initialize.o
       864          0          0          0          0          0   lx_nor_flash_logical_sector_find.o
       492          0          0          0          0          0   lx_nor_flash_next_block_to_erase_find.o
      1282          0          0          0          0          0   lx_nor_flash_open.o
       554          0          0          0          0          0   lx_nor_flash_physical_sector_allocate.o
       126          0          0          0          0          0   lx_nor_flash_sector_mapping_cache_invalidate.o
       156          0          0          0          0          0   lx_nor_flash_sector_read.o
       144          0          0          0          0          0   lx_nor_flash_sector_release.o
       364          0          0          0          0          0   lx_nor_flash_sector_write.o
        24          0          0          0          0          0   lx_nor_flash_system_error.o
       590         56          0          0          1          0   lx_stm32_ospi_driver.o
      1648          0          0          0      65592          0   lx_stm32_ospi_driver_glue.o
      1246          0          0          0        348          0   main.o
        36          8        716          0       1024          0   startup_stm32h735xx.o
       178          0          0          8          4          0   stm32h7xx_hal.o
       310          0          0          0          0          0   stm32h7xx_hal_cortex.o
       512          0          0          0          0          0   stm32h7xx_hal_gpio.o
      1178          0          0          0          0          0   stm32h7xx_hal_mdma.o
       682          0          0          0          0          0   stm32h7xx_hal_msp.o
      4918          0          0          0          0          0   stm32h7xx_hal_ospi.o
       136          0          0          0          0          0   stm32h7xx_hal_pwr_ex.o
      2552         16          0          0          0          0   stm32h7xx_hal_rcc.o
      3946        138          0          0          0          0   stm32h7xx_hal_rcc_ex.o
      1094          0          0          0          0          0   stm32h7xx_hal_tim.o
         6          0          0          0          0          0   stm32h7xx_hal_tim_ex.o
       164          0          0          0         76          0   stm32h7xx_hal_timebase_tim.o
      2880        330         36          0          0          0   stm32h7xx_hal_uart.o
       342          0         16          0          0          0   stm32h7xx_hal_uart_ex.o
        48          0          0          0          0          0   stm32h7xx_it.o
       176          0         16          8          0          0   system_stm32h7xx.o
       218          0          0          0          0          0   tx_byte_allocate.o
       146          0          0          0          0          0   tx_byte_pool_cleanup.o
       140          0          0          0          0          0   tx_byte_pool_create.o
       236          0          0          0          0          0   tx_byte_pool_search.o
        46          0          0          0         52          0   tx_initialize_high_level.o
        78          0          0          0          0          0   tx_initialize_kernel_enter.o
       152         32          0          0          0          0   tx_initialize_low_level.o
       216          0          0          0          0          0   tx_mutex_cleanup.o
       106          0          0          0          0          0   tx_mutex_create.o
       192          0          0          0          0          0   tx_mutex_delete.o
       284          0          0          0          0          0   tx_mutex_get.o
       192          0          0          0          0          0   tx_mutex_prioritize.o
       194          0          0          0          0          0   tx_mutex_priority_change.o
       562          0          0          0          0          0   tx_mutex_put.o
       146          0          0          0          0          0   tx_semaphore_cleanup.o
        92          0          0          0          0          0   tx_semaphore_create.o
       168          0          0          0          0          0   tx_semaphore_get.o
        94          0          0          0          0          0   tx_semaphore_put.o
       316          0          0          0          0          0   tx_thread_create.o
        22          0          0          0          0          0   tx_thread_identify.o
        54          0          0          4        168          0   tx_thread_initialize.o
       142          0          0          0          0          0   tx_thread_preemption_change.o
       196         20          0          0          0          0   tx_thread_schedule.o
        90          0          0          0          0          0   tx_thread_shell_entry.o
       146          0          0          0          0          0   tx_thread_sleep.o
        64          0          0          0          0          0   tx_thread_stack_build.o
        76          0          0          0          0          0   tx_thread_system_preempt_check.o
       304          0          0          0          0          0   tx_thread_system_resume.o
       394          0          0          0          0          0   tx_thread_system_suspend.o
       112          0          0          0          0          0   tx_thread_time_slice.o
        54          0          0          0          0          0   tx_thread_timeout.o
        22          0          0          0          0          0   tx_time_get.o
       124          0          0          0          0          0   tx_timer_create.o
        36          0          0          0          0          0   tx_timer_expiration_process.o
       190          0         20          0       1380          0   tx_timer_initialize.o
       200         60          0          0          0          0   tx_timer_interrupt.o
        90          0          0          0          0          0   tx_timer_system_activate.o
        58          0          0          0          0          0   tx_timer_system_deactivate.o
       322          0          0          0          0          0   tx_timer_thread_entry.o
       176          0          0          0          0          0   txe_byte_allocate.o
       356          0          0          0          0          0   txe_byte_pool_create.o
       298          0          0          0          0          0   txe_semaphore_create.o
        76          0          0          0          0          0   txe_semaphore_get.o
        24          0          0          0          0          0   txe_semaphore_put.o
       388          0          0          0          0          0   txe_thread_create.o

    ----------------------------------------------------------------------
     58284        976       1076       4304      84644          0   Object Totals
         0          0         32          0          0          0   (incl. Generated)
       684         56          0          0         35          0   (incl. Padding)

    ----------------------------------------------------------------------

      Code (inc. data)   RO Data    RW Data    ZI Data      Debug   Library Member Name

        58          0          0          0          0          0   __dczerorl.o
         0          0          0          0          0          0   entry.o
         0          0          0          0          0          0   entry10a.o
         0          0          0          0          0          0   entry11a.o
         8          4          0          0          0          0   entry2.o
         4          0          0          0          0          0   entry5.o
         0          0          0          0          0          0   entry7b.o
         0          0          0          0          0          0   entry8b.o
         8          4          0          0          0          0   entry9a.o
        30          0          0          0          0          0   handlers.o
        36          8          0          0          0          0   init.o
        30          0          0          0          0          0   llshl.o
        32          0          0          0          0          0   llushr.o
        36          0          0          0          0          0   memcpya.o
        36          0          0          0          0          0   memseta.o
       588         14          0          0          0          0   printf4.o
        36          6          0          0          0          0   puts.o
         0          0          0          4          0          0   stdout.o
        98          0          0          0          0          0   uldiv.o

    ----------------------------------------------------------------------
      1004         36          0          4          0          0   Library Totals
         4          0          0          0          0          0   (incl. Padding)

    ----------------------------------------------------------------------

      Code (inc. data)   RO Data    RW Data    ZI Data      Debug   Library Name

      1000         36          0          4          0          0   mc_w.l

    ----------------------------------------------------------------------
      1004         36          0          4          0          0   Library Totals

    ----------------------------------------------------------------------

==============================================================================


      Code (inc. data)   RO Data    RW Data    ZI Data      Debug   

     59288       1012       1076       4308      84644          0   Grand Totals
     59288       1012       1076        192      84644          0   ELF Image Totals (compressed)
     59288       1012       1076        192          0          0   ROM Totals

==============================================================================

    Total RO  Size (Code + RO Data)                60364 (  58.95kB)
    Total RW  Size (RW Data + ZI Data)             88952 (  86.87kB)
    Total ROM Size (Code + RO Data + RW Data)      60556 (  59.14kB)

==============================================================================

